Archive member included to satisfy reference by file (symbol)

C:/APP/STM32CubeIDE_1.19.0/STM32CubeIDE/plugins/com.st.stm32cube.ide.mcu.externaltools.gnu-tools-for-stm32.13.3.rel1.win32_1.0.0.202411081344/tools/bin/../lib/gcc/arm-none-eabi/13.3.1/../../../../arm-none-eabi/lib/thumb/v7-m/nofp\libc_nano.a(libc_a-exit.o)
                              C:/APP/STM32CubeIDE_1.19.0/STM32CubeIDE/plugins/com.st.stm32cube.ide.mcu.externaltools.gnu-tools-for-stm32.13.3.rel1.win32_1.0.0.202411081344/tools/bin/../lib/gcc/arm-none-eabi/13.3.1/../../../../arm-none-eabi/lib/thumb/v7-m/nofp/crt0.o (exit)
C:/APP/STM32CubeIDE_1.19.0/STM32CubeIDE/plugins/com.st.stm32cube.ide.mcu.externaltools.gnu-tools-for-stm32.13.3.rel1.win32_1.0.0.202411081344/tools/bin/../lib/gcc/arm-none-eabi/13.3.1/../../../../arm-none-eabi/lib/thumb/v7-m/nofp\libc_nano.a(libc_a-findfp.o)
                              C:/APP/STM32CubeIDE_1.19.0/STM32CubeIDE/plugins/com.st.stm32cube.ide.mcu.externaltools.gnu-tools-for-stm32.13.3.rel1.win32_1.0.0.202411081344/tools/bin/../lib/gcc/arm-none-eabi/13.3.1/../../../../arm-none-eabi/lib/thumb/v7-m/nofp\libc_nano.a(libc_a-exit.o) (__stdio_exit_handler)
C:/APP/STM32CubeIDE_1.19.0/STM32CubeIDE/plugins/com.st.stm32cube.ide.mcu.externaltools.gnu-tools-for-stm32.13.3.rel1.win32_1.0.0.202411081344/tools/bin/../lib/gcc/arm-none-eabi/13.3.1/../../../../arm-none-eabi/lib/thumb/v7-m/nofp\libc_nano.a(libc_a-fwalk.o)
                              C:/APP/STM32CubeIDE_1.19.0/STM32CubeIDE/plugins/com.st.stm32cube.ide.mcu.externaltools.gnu-tools-for-stm32.13.3.rel1.win32_1.0.0.202411081344/tools/bin/../lib/gcc/arm-none-eabi/13.3.1/../../../../arm-none-eabi/lib/thumb/v7-m/nofp\libc_nano.a(libc_a-findfp.o) (_fwalk_sglue)
C:/APP/STM32CubeIDE_1.19.0/STM32CubeIDE/plugins/com.st.stm32cube.ide.mcu.externaltools.gnu-tools-for-stm32.13.3.rel1.win32_1.0.0.202411081344/tools/bin/../lib/gcc/arm-none-eabi/13.3.1/../../../../arm-none-eabi/lib/thumb/v7-m/nofp\libc_nano.a(libc_a-stdio.o)
                              C:/APP/STM32CubeIDE_1.19.0/STM32CubeIDE/plugins/com.st.stm32cube.ide.mcu.externaltools.gnu-tools-for-stm32.13.3.rel1.win32_1.0.0.202411081344/tools/bin/../lib/gcc/arm-none-eabi/13.3.1/../../../../arm-none-eabi/lib/thumb/v7-m/nofp\libc_nano.a(libc_a-findfp.o) (__sread)
C:/APP/STM32CubeIDE_1.19.0/STM32CubeIDE/plugins/com.st.stm32cube.ide.mcu.externaltools.gnu-tools-for-stm32.13.3.rel1.win32_1.0.0.202411081344/tools/bin/../lib/gcc/arm-none-eabi/13.3.1/../../../../arm-none-eabi/lib/thumb/v7-m/nofp\libc_nano.a(libc_a-memset.o)
                              C:/APP/STM32CubeIDE_1.19.0/STM32CubeIDE/plugins/com.st.stm32cube.ide.mcu.externaltools.gnu-tools-for-stm32.13.3.rel1.win32_1.0.0.202411081344/tools/bin/../lib/gcc/arm-none-eabi/13.3.1/../../../../arm-none-eabi/lib/thumb/v7-m/nofp/crt0.o (memset)
C:/APP/STM32CubeIDE_1.19.0/STM32CubeIDE/plugins/com.st.stm32cube.ide.mcu.externaltools.gnu-tools-for-stm32.13.3.rel1.win32_1.0.0.202411081344/tools/bin/../lib/gcc/arm-none-eabi/13.3.1/../../../../arm-none-eabi/lib/thumb/v7-m/nofp\libc_nano.a(libc_a-closer.o)
                              C:/APP/STM32CubeIDE_1.19.0/STM32CubeIDE/plugins/com.st.stm32cube.ide.mcu.externaltools.gnu-tools-for-stm32.13.3.rel1.win32_1.0.0.202411081344/tools/bin/../lib/gcc/arm-none-eabi/13.3.1/../../../../arm-none-eabi/lib/thumb/v7-m/nofp\libc_nano.a(libc_a-stdio.o) (_close_r)
C:/APP/STM32CubeIDE_1.19.0/STM32CubeIDE/plugins/com.st.stm32cube.ide.mcu.externaltools.gnu-tools-for-stm32.13.3.rel1.win32_1.0.0.202411081344/tools/bin/../lib/gcc/arm-none-eabi/13.3.1/../../../../arm-none-eabi/lib/thumb/v7-m/nofp\libc_nano.a(libc_a-reent.o)
                              C:/APP/STM32CubeIDE_1.19.0/STM32CubeIDE/plugins/com.st.stm32cube.ide.mcu.externaltools.gnu-tools-for-stm32.13.3.rel1.win32_1.0.0.202411081344/tools/bin/../lib/gcc/arm-none-eabi/13.3.1/../../../../arm-none-eabi/lib/thumb/v7-m/nofp\libc_nano.a(libc_a-closer.o) (errno)
C:/APP/STM32CubeIDE_1.19.0/STM32CubeIDE/plugins/com.st.stm32cube.ide.mcu.externaltools.gnu-tools-for-stm32.13.3.rel1.win32_1.0.0.202411081344/tools/bin/../lib/gcc/arm-none-eabi/13.3.1/../../../../arm-none-eabi/lib/thumb/v7-m/nofp\libc_nano.a(libc_a-impure.o)
                              C:/APP/STM32CubeIDE_1.19.0/STM32CubeIDE/plugins/com.st.stm32cube.ide.mcu.externaltools.gnu-tools-for-stm32.13.3.rel1.win32_1.0.0.202411081344/tools/bin/../lib/gcc/arm-none-eabi/13.3.1/../../../../arm-none-eabi/lib/thumb/v7-m/nofp\libc_nano.a(libc_a-reent.o) (_impure_ptr)
C:/APP/STM32CubeIDE_1.19.0/STM32CubeIDE/plugins/com.st.stm32cube.ide.mcu.externaltools.gnu-tools-for-stm32.13.3.rel1.win32_1.0.0.202411081344/tools/bin/../lib/gcc/arm-none-eabi/13.3.1/../../../../arm-none-eabi/lib/thumb/v7-m/nofp\libc_nano.a(libc_a-lseekr.o)
[...]
Memory Configuration

Name             Origin             Length             Attributes
RAM              0x20000000         0x0000c000         xrw
FLASH            0x08000000         0x00040000         xr
*default*        0x00000000         0xffffffff

Linker script and memory map

LOAD C:/APP/STM32CubeIDE_1.19.0/STM32CubeIDE/plugins/com.st.stm32cube.ide.mcu.externaltools.gnu-tools-for-stm32.13.3.rel1.win32_1.0.0.202411081344/tools/bin/../lib/gcc/arm-none-eabi/13.3.1/thumb/v7-m/nofp/crti.o
LOAD C:/APP/STM32CubeIDE_1.19.0/STM32CubeIDE/plugins/com.st.stm32cube.ide.mcu.externaltools.gnu-tools-for-stm32.13.3.rel1.win32_1.0.0.202411081344/tools/bin/../lib/gcc/arm-none-eabi/13.3.1/thumb/v7-m/nofp/crtbegin.o
LOAD C:/APP/STM32CubeIDE_1.19.0/STM32CubeIDE/plugins/com.st.stm32cube.ide.mcu.externaltools.gnu-tools-for-stm32.13.3.rel1.win32_1.0.0.202411081344/tools/bin/../lib/gcc/arm-none-eabi/13.3.1/../../../../arm-none-eabi/lib/thumb/v7-m/nofp/crt0.o
LOAD ./Core/Src/ds1302.o
LOAD ./Core/Src/freertos.o
LOAD ./Core/Src/hx1838.o
LOAD ./Core/Src/main.o
LOAD ./Core/Src/stm32f1xx_hal_msp.o
LOAD ./Core/Src/stm32f1xx_hal_timebase_tim.o
LOAD ./Core/Src/stm32f1xx_it.o
LOAD ./Core/Src/syscalls.o
LOAD ./Core/Src/sysmem.o
LOAD ./Core/Src/system_stm32f1xx.o
LOAD ./Core/Src/tm1637.o
LOAD ./Core/Startup/startup_stm32f103rctx.o
LOAD ./Drivers/STM32F1xx_HAL_Driver/Src/stm32f1xx_hal.o
LOAD ./Drivers/STM32F1xx_HAL_Driver/Src/stm32f1xx_hal_cortex.o
LOAD ./Drivers/STM32F1xx_HAL_Driver/Src/stm32f1xx_hal_dma.o
LOAD ./Drivers/STM32F1xx_HAL_Driver/Src/stm32f1xx_hal_exti.o
LOAD ./Drivers/STM32F1xx_HAL_Driver/Src/stm32f1xx_hal_flash.o
LOAD ./Drivers/STM32F1xx_HAL_Driver/Src/stm32f1xx_hal_flash_ex.o
LOAD ./Drivers/STM32F1xx_HAL_Driver/Src/stm32f1xx_hal_gpio.o
LOAD ./Drivers/STM32F1xx_HAL_Driver/Src/stm32f1xx_hal_gpio_ex.o
LOAD ./Drivers/STM32F1xx_HAL_Driver/Src/stm32f1xx_hal_pwr.o
LOAD ./Drivers/STM32F1xx_HAL_Driver/Src/stm32f1xx_hal_rcc.o
LOAD ./Drivers/STM32F1xx_HAL_Driver/Src/stm32f1xx_hal_rcc_ex.o
LOAD ./Drivers/STM32F1xx_HAL_Driver/Src/stm32f1xx_hal_tim.o
LOAD ./Drivers/STM32F1xx_HAL_Driver/Src/stm32f1xx_hal_tim_ex.o
LOAD ./Drivers/STM32F1xx_HAL_Driver/Src/stm32f1xx_hal_uart.o
LOAD ./Middlewares/Third_Party/FreeRTOS/Source/CMSIS_RTOS/cmsis_os.o
LOAD ./Middlewares/Third_Party/FreeRTOS/Source/croutine.o
LOAD ./Middlewares/Third_Party/FreeRTOS/Source/event_groups.o
LOAD ./Middlewares/Third_Party/FreeRTOS/Source/list.o
LOAD ./Middlewares/Third_Party/FreeRTOS/Source/queue.o
LOAD ./Middlewares/Third_Party/FreeRTOS/Source/stream_buffer.o
LOAD ./Middlewares/Third_Party/FreeRTOS/Source/tasks.o
LOAD ./Middlewares/Third_Party/FreeRTOS/Source/timers.o
LOAD ./Middlewares/Third_Party/FreeRTOS/Source/portable/GCC/ARM_CM3/port.o
LOAD ./Middlewares/Third_Party/FreeRTOS/Source/portable/MemMang/heap_4.o
START GROUP
LOAD C:/APP/STM32CubeIDE_1.19.0/STM32CubeIDE/plugins/com.st.stm32cube.ide.mcu.externaltools.gnu-tools-for-stm32.13.3.rel1.win32_1.0.0.202411081344/tools/bin/../lib/gcc/arm-none-eabi/13.3.1/../../../../arm-none-eabi/lib/thumb/v7-m/nofp\libc_nano.a
LOAD C:/APP/STM32CubeIDE_1.19.0/STM32CubeIDE/plugins/com.st.stm32cube.ide.mcu.externaltools.gnu-tools-for-stm32.13.3.rel1.win32_1.0.0.202411081344/tools/bin/../lib/gcc/arm-none-eabi/13.3.1/../../../../arm-none-eabi/lib/thumb/v7-m/nofp\libm.a
END GROUP
START GROUP
LOAD C:/APP/STM32CubeIDE_1.19.0/STM32CubeIDE/plugins/com.st.stm32cube.ide.mcu.externaltools.gnu-tools-for-stm32.13.3.rel1.win32_1.0.0.202411081344/tools/bin/../lib/gcc/arm-none-eabi/13.3.1/thumb/v7-m/nofp\libgcc.a
LOAD C:/APP/STM32CubeIDE_1.19.0/STM32CubeIDE/plugins/com.st.stm32cube.ide.mcu.externaltools.gnu-tools-for-stm32.13.3.rel1.win32_1.0.0.202411081344/tools/bin/../lib/gcc/arm-none-eabi/13.3.1/../../../../arm-none-eabi/lib/thumb/v7-m/nofp\libc_nano.a
END GROUP
START GROUP
LOAD C:/APP/STM32CubeIDE_1.19.0/STM32CubeIDE/plugins/com.st.stm32cube.ide.mcu.externaltools.gnu-tools-for-stm32.13.3.rel1.win32_1.0.0.202411081344/tools/bin/../lib/gcc/arm-none-eabi/13.3.1/thumb/v7-m/nofp\libgcc.a
LOAD C:/APP/STM32CubeIDE_1.19.0/STM32CubeIDE/plugins/com.st.stm32cube.ide.mcu.externaltools.gnu-tools-for-stm32.13.3.rel1.win32_1.0.0.202411081344/tools/bin/../lib/gcc/arm-none-eabi/13.3.1/../../../../arm-none-eabi/lib/thumb/v7-m/nofp\libc_nano.a
LOAD C:/APP/STM32CubeIDE_1.19.0/STM32CubeIDE/plugins/com.st.stm32cube.ide.mcu.externaltools.gnu-tools-for-stm32.13.3.rel1.win32_1.0.0.202411081344/tools/bin/../lib/gcc/arm-none-eabi/13.3.1/../../../../arm-none-eabi/lib/thumb/v7-m/nofp\libnosys.a
END GROUP
START GROUP
LOAD C:/APP/STM32CubeIDE_1.19.0/STM32CubeIDE/plugins/com.st.stm32cube.ide.mcu.externaltools.gnu-tools-for-stm32.13.3.rel1.win32_1.0.0.202411081344/tools/bin/../lib/gcc/arm-none-eabi/13.3.1/thumb/v7-m/nofp\libgcc.a
LOAD C:/APP/STM32CubeIDE_1.19.0/STM32CubeIDE/plugins/com.st.stm32cube.ide.mcu.externaltools.gnu-tools-for-stm32.13.3.rel1.win32_1.0.0.202411081344/tools/bin/../lib/gcc/arm-none-eabi/13.3.1/../../../../arm-none-eabi/lib/thumb/v7-m/nofp\libc_nano.a
LOAD C:/APP/STM32CubeIDE_1.19.0/STM32CubeIDE/plugins/com.st.stm32cube.ide.mcu.externaltools.gnu-tools-for-stm32.13.3.rel1.win32_1.0.0.202411081344/tools/bin/../lib/gcc/arm-none-eabi/13.3.1/../../../../arm-none-eabi/lib/thumb/v7-m/nofp\libnosys.a
END GROUP
LOAD C:/APP/STM32CubeIDE_1.19.0/STM32CubeIDE/plugins/com.st.stm32cube.ide.mcu.externaltools.gnu-tools-for-stm32.13.3.rel1.win32_1.0.0.202411081344/tools/bin/../lib/gcc/arm-none-eabi/13.3.1/thumb/v7-m/nofp/crtend.o
LOAD C:/APP/STM32CubeIDE_1.19.0/STM32CubeIDE/plugins/com.st.stm32cube.ide.mcu.externaltools.gnu-tools-for-stm32.13.3.rel1.win32_1.0.0.202411081344/tools/bin/../lib/gcc/arm-none-eabi/13.3.1/thumb/v7-m/nofp/crtn.o
                0x2000c000                        _estack = (ORIGIN (RAM) + LENGTH (RAM))
                0x00000200                        _Min_Heap_Size = 0x200
                0x00000400                        _Min_Stack_Size = 0x400

.isr_vector     0x08000000      0x1e4
                0x08000000                        . = ALIGN (0x4)
 *(.isr_vector)
 .isr_vector    0x08000000      0x1e4 ./Core/Startup/startup_stm32f103rctx.o
                0x08000000                g_pfnVectors
                0x080001e4                        . = ALIGN (0x4)

.text           0x080001f0     0x5628
                0x080001f0                        . = ALIGN (0x4)
 *(.text)
 .text          0x080001f0       0x40 C:/APP/STM32CubeIDE_1.19.0/STM32CubeIDE/plugins/com.st.stm32cube.ide.mcu.externaltools.gnu-tools-for-stm32.13.3.rel1.win32_1.0.0.202411081344/tools/bin/../lib/gcc/arm-none-eabi/13.3.1/thumb/v7-m/nofp/crtbegin.o
 *(.text*)
 .text.DS1302_DAT_Output
                0x08000230       0x34 ./Core/Src/ds1302.o
                0x08000230                DS1302_DAT_Output
 .text.DS1302_DAT_Input
                0x08000264       0x34 ./Core/Src/ds1302.o
                0x08000264                DS1302_DAT_Input
 .text.DS1302_DelayUs
                0x08000298       0x7c ./Core/Src/ds1302.o
 .text.DS1302_WriteByte
                0x08000314       0xf4 ./Core/Src/ds1302.o
                0x08000314                DS1302_WriteByte
 .text.DS1302_ReadByte
                0x08000408       0xec ./Core/Src/ds1302.o
                0x08000408                DS1302_ReadByte
 .text.DS1302_BcdToDec
                0x080004f4       0x30 ./Core/Src/ds1302.o
                0x080004f4                DS1302_BcdToDec
 .text.DS1302_DecToBcd
                0x08000524       0x48 ./Core/Src/ds1302.o
                0x08000524                DS1302_DecToBcd
 .text.DS1302_GetTime
                0x0800056c       0xb2 ./Core/Src/ds1302.o
                0x0800056c                DS1302_GetTime
 .text.DS1302_SetTime
                0x0800061e       0xaa ./Core/Src/ds1302.o
                0x0800061e                DS1302_SetTime
 .text.DS1302_GPIO_Init
                0x080006c8       0x20 ./Core/Src/ds1302.o
 .text.DS1302_Init
                0x080006e8       0x52 ./Core/Src/ds1302.o
                0x080006e8                DS1302_Init
 *fill*         0x0800073a        0x2 
 .text.vApplicationGetIdleTaskMemory
                0x0800073c       0x30 ./Core/Src/freertos.o
                0x0800073c                vApplicationGetIdleTaskMemory
 .text.IR_StartCapture
                0x0800076c       0x44 ./Core/Src/hx1838.o
                0x0800076c                IR_StartCapture
 .text.HAL_TIM_IC_CaptureCallback
                0x080007b0      0x104 ./Core/Src/hx1838.o
                0x080007b0                HAL_TIM_IC_CaptureCallback
 .text.HX1838_Init
                0x080008b4        0xc ./Core/Src/hx1838.o
                0x080008b4                HX1838_Init
 .text.main     0x080008c0       0xc4 ./Core/Src/main.o
                0x080008c0                main
 .text.SystemClock_Config
                0x08000984       0x8a ./Core/Src/main.o
                0x08000984                SystemClock_Config
 *fill*         0x08000a0e        0x2 
 .text.MX_TIM3_Init
                0x08000a10       0xe0 ./Core/Src/main.o
 .text.MX_USART3_UART_Init
                0x08000af0       0x54 ./Core/Src/main.o
 .text.MX_GPIO_Init
                0x08000b44       0xd4 ./Core/Src/main.o
 .text.HAL_UART_RxCpltCallback
                0x08000c18       0x9c ./Core/Src/main.o
                0x08000c18                HAL_UART_RxCpltCallback
 .text.ESP_CalcWeekday
                0x08000cb4       0xa0 ./Core/Src/main.o
 .text.ESP_ParseTime
                0x08000d54      0x1bc ./Core/Src/main.o
 .text.HX1838_OnReceive
                0x08000f10       0x54 ./Core/Src/main.o
                0x08000f10                HX1838_OnReceive
 .text.StartClockTask
                0x08000f64      0x254 ./Core/Src/main.o
                0x08000f64                StartClockTask
 .text.StartLedTask
                0x080011b8       0x20 ./Core/Src/main.o
                0x080011b8                StartLedTask
 .text.StartLed2Task
                0x080011d8       0x20 ./Core/Src/main.o
                0x080011d8                StartLed2Task
 .text.HAL_TIM_PeriodElapsedCallback
                0x080011f8       0x1e ./Core/Src/main.o
                0x080011f8                HAL_TIM_PeriodElapsedCallback
 .text.Error_Handler
                0x08001216        0xc ./Core/Src/main.o
                0x08001216                Error_Handler
 *fill*         0x08001222        0x2 
 .text.HAL_MspInit
                0x08001224       0x70 ./Core/Src/stm32f1xx_hal_msp.o
                0x08001224                HAL_MspInit
 .text.HAL_TIM_Base_MspInit
                0x08001294       0x8c ./Core/Src/stm32f1xx_hal_msp.o
                0x08001294                HAL_TIM_Base_MspInit
 .text.HAL_UART_MspInit
                0x08001320       0xa8 ./Core/Src/stm32f1xx_hal_msp.o
                0x08001320                HAL_UART_MspInit
 .text.HAL_InitTick
                0x080013c8       0xf8 ./Core/Src/stm32f1xx_hal_timebase_tim.o
                0x080013c8                HAL_InitTick
 .text.NMI_Handler
                0x080014c0        0x8 ./Core/Src/stm32f1xx_it.o
                0x080014c0                NMI_Handler
 .text.HardFault_Handler
                0x080014c8        0x8 ./Core/Src/stm32f1xx_it.o
                0x080014c8                HardFault_Handler
 .text.MemManage_Handler
                0x080014d0        0x8 ./Core/Src/stm32f1xx_it.o
                0x080014d0                MemManage_Handler
 .text.BusFault_Handler
                0x080014d8        0x8 ./Core/Src/stm32f1xx_it.o
                0x080014d8                BusFault_Handler
 .text.UsageFault_Handler
                0x080014e0        0x8 ./Core/Src/stm32f1xx_it.o
                0x080014e0                UsageFault_Handler
 .text.DebugMon_Handler
                0x080014e8        0xc ./Core/Src/stm32f1xx_it.o
                0x080014e8                DebugMon_Handler
 .text.TIM2_IRQHandler
                0x080014f4       0x14 ./Core/Src/stm32f1xx_it.o
                0x080014f4                TIM2_IRQHandler
 .text.TIM3_IRQHandler
                0x08001508       0x14 ./Core/Src/stm32f1xx_it.o
                0x08001508                TIM3_IRQHandler
 .text.USART3_IRQHandler
                0x0800151c       0x14 ./Core/Src/stm32f1xx_it.o
                0x0800151c                USART3_IRQHandler
 .text.SystemInit
                0x08001530        0xc ./Core/Src/system_stm32f1xx.o
                0x08001530                SystemInit
 .text.delay_us
                0x0800153c       0x7c ./Core/Src/tm1637.o
 .text.TM1637_Start
                0x080015b8       0x48 ./Core/Src/tm1637.o
 .text.TM1637_Stop
                0x08001600       0x48 ./Core/Src/tm1637.o
 .text.TM1637_WriteByte
                0x08001648       0x94 ./Core/Src/tm1637.o
 .text.TM1637_Init
                0x080016dc       0x30 ./Core/Src/tm1637.o
                0x080016dc                TM1637_Init
 .text.TM1637_SetBrightness
                0x0800170c       0x28 ./Core/Src/tm1637.o
                0x0800170c                TM1637_SetBrightness
 .text.TM1637_DisplayRaw
                0x08001734       0x3e ./Core/Src/tm1637.o
                0x08001734                TM1637_DisplayRaw
 *fill*         0x08001772        0x2 
 .text.TM1637_SetDigit
                0x08001774       0x5c ./Core/Src/tm1637.o
                0x08001774                TM1637_SetDigit
 .text.Reset_Handler
                0x080017d0       0x48 ./Core/Startup/startup_stm32f103rctx.o
                0x080017d0                Reset_Handler
 .text.Default_Handler
                0x08001818        0x2 ./Core/Startup/startup_stm32f103rctx.o
                0x08001818                RTC_Alarm_IRQHandler
                0x08001818                EXTI2_IRQHandler
                0x08001818                TIM8_TRG_COM_IRQHandler
                0x08001818                TIM8_CC_IRQHandler
                0x08001818                TIM1_CC_IRQHandler
                0x08001818                TIM6_IRQHandler
                0x08001818                PVD_IRQHandler
                0x08001818                SDIO_IRQHandler
                0x08001818                EXTI3_IRQHandler
                0x08001818                EXTI0_IRQHandler
                0x08001818                I2C2_EV_IRQHandler
                0x08001818                ADC1_2_IRQHandler
                0x08001818                SPI1_IRQHandler
                0x08001818                TAMPER_IRQHandler
                0x08001818                TIM8_UP_IRQHandler
                0x08001818                DMA2_Channel2_IRQHandler
                0x08001818                DMA1_Channel4_IRQHandler
                0x08001818                RTC_IRQHandler
                0x08001818                DMA1_Channel7_IRQHandler
                0x08001818                CAN1_RX1_IRQHandler
                0x08001818                UART5_IRQHandler
                0x08001818                ADC3_IRQHandler
                0x08001818                TIM4_IRQHandler
                0x08001818                DMA2_Channel1_IRQHandler
                0x08001818                I2C1_EV_IRQHandler
                0x08001818                DMA1_Channel6_IRQHandler
                0x08001818                UART4_IRQHandler
                0x08001818                RCC_IRQHandler
                0x08001818                TIM1_TRG_COM_IRQHandler
                0x08001818                DMA1_Channel1_IRQHandler
                0x08001818                Default_Handler
                0x08001818                EXTI15_10_IRQHandler
                0x08001818                TIM7_IRQHandler
                0x08001818                TIM5_IRQHandler
                0x08001818                EXTI9_5_IRQHandler
                0x08001818                SPI2_IRQHandler
                0x08001818                DMA1_Channel5_IRQHandler
                0x08001818                EXTI4_IRQHandler
                0x08001818                USB_LP_CAN1_RX0_IRQHandler
                0x08001818                USB_HP_CAN1_TX_IRQHandler
                0x08001818                DMA1_Channel3_IRQHandler
                0x08001818                FSMC_IRQHandler
                0x08001818                TIM1_UP_IRQHandler
                0x08001818                WWDG_IRQHandler
                0x08001818                TIM1_BRK_IRQHandler
                0x08001818                EXTI1_IRQHandler
                0x08001818                DMA2_Channel4_5_IRQHandler
                0x08001818                USART2_IRQHandler
                0x08001818                I2C2_ER_IRQHandler
                0x08001818                DMA1_Channel2_IRQHandler
                0x08001818                TIM8_BRK_IRQHandler
                0x08001818                CAN1_SCE_IRQHandler
                0x08001818                FLASH_IRQHandler
                0x08001818                USART1_IRQHandler
                0x08001818                SPI3_IRQHandler
                0x08001818                I2C1_ER_IRQHandler
                0x08001818                USBWakeUp_IRQHandler
                0x08001818                DMA2_Channel3_IRQHandler
 *fill*         0x0800181a        0x2 
 .text.HAL_Init
                0x0800181c       0x2c ./Drivers/STM32F1xx_HAL_Driver/Src/stm32f1xx_hal.o
                0x0800181c                HAL_Init
 .text.HAL_IncTick
                0x08001848       0x24 ./Drivers/STM32F1xx_HAL_Driver/Src/stm32f1xx_hal.o
                0x08001848                HAL_IncTick
 .text.HAL_GetTick
                0x0800186c       0x14 ./Drivers/STM32F1xx_HAL_Driver/Src/stm32f1xx_hal.o
                0x0800186c                HAL_GetTick
 .text.HAL_Delay
                0x08001880       0x48 ./Drivers/STM32F1xx_HAL_Driver/Src/stm32f1xx_hal.o
                0x08001880                HAL_Delay
 .text.__NVIC_SetPriorityGrouping
                0x080018c8       0x48 ./Drivers/STM32F1xx_HAL_Driver/Src/stm32f1xx_hal_cortex.o
 .text.__NVIC_GetPriorityGrouping
                0x08001910       0x1c ./Drivers/STM32F1xx_HAL_Driver/Src/stm32f1xx_hal_cortex.o
 .text.__NVIC_EnableIRQ
                0x0800192c       0x38 ./Drivers/STM32F1xx_HAL_Driver/Src/stm32f1xx_hal_cortex.o
 .text.__NVIC_SetPriority
                0x08001964       0x54 ./Drivers/STM32F1xx_HAL_Driver/Src/stm32f1xx_hal_cortex.o
 .text.NVIC_EncodePriority
                0x080019b8       0x64 ./Drivers/STM32F1xx_HAL_Driver/Src/stm32f1xx_hal_cortex.o
 .text.HAL_NVIC_SetPriorityGrouping
                0x08001a1c       0x16 ./Drivers/STM32F1xx_HAL_Driver/Src/stm32f1xx_hal_cortex.o
                0x08001a1c                HAL_NVIC_SetPriorityGrouping
 .text.HAL_NVIC_SetPriority
                0x08001a32       0x38 ./Drivers/STM32F1xx_HAL_Driver/Src/stm32f1xx_hal_cortex.o
                0x08001a32                HAL_NVIC_SetPriority
 .text.HAL_NVIC_EnableIRQ
                0x08001a6a       0x1c ./Drivers/STM32F1xx_HAL_Driver/Src/stm32f1xx_hal_cortex.o
                0x08001a6a                HAL_NVIC_EnableIRQ
 .text.HAL_DMA_Abort
                0x08001a86       0x76 ./Drivers/STM32F1xx_HAL_Driver/Src/stm32f1xx_hal_dma.o
                0x08001a86                HAL_DMA_Abort
 .text.HAL_DMA_Abort_IT
                0x08001afc      0x210 ./Drivers/STM32F1xx_HAL_Driver/Src/stm32f1xx_hal_dma.o
                0x08001afc                HAL_DMA_Abort_IT
 .text.HAL_GPIO_Init
                0x08001d0c      0x328 ./Drivers/STM32F1xx_HAL_Driver/Src/stm32f1xx_hal_gpio.o
                0x08001d0c                HAL_GPIO_Init
 .text.HAL_GPIO_ReadPin
                0x08002034       0x2e ./Drivers/STM32F1xx_HAL_Driver/Src/stm32f1xx_hal_gpio.o
                0x08002034                HAL_GPIO_ReadPin
 .text.HAL_GPIO_WritePin
                0x08002062       0x30 ./Drivers/STM32F1xx_HAL_Driver/Src/stm32f1xx_hal_gpio.o
                0x08002062                HAL_GPIO_WritePin
 .text.HAL_GPIO_TogglePin
                0x08002092       0x32 ./Drivers/STM32F1xx_HAL_Driver/Src/stm32f1xx_hal_gpio.o
                0x08002092                HAL_GPIO_TogglePin
 .text.HAL_RCC_OscConfig
                0x080020c4      0x504 ./Drivers/STM32F1xx_HAL_Driver/Src/stm32f1xx_hal_rcc.o
                0x080020c4                HAL_RCC_OscConfig
 .text.HAL_RCC_ClockConfig
                0x080025c8      0x1d4 ./Drivers/STM32F1xx_HAL_Driver/Src/stm32f1xx_hal_rcc.o
                0x080025c8                HAL_RCC_ClockConfig
 .text.HAL_RCC_GetSysClockFreq
                0x0800279c       0xa8 ./Drivers/STM32F1xx_HAL_Driver/Src/stm32f1xx_hal_rcc.o
                0x0800279c                HAL_RCC_GetSysClockFreq
 .text.HAL_RCC_GetHCLKFreq
                0x08002844       0x14 ./Drivers/STM32F1xx_HAL_Driver/Src/stm32f1xx_hal_rcc.o
                0x08002844                HAL_RCC_GetHCLKFreq
 .text.HAL_RCC_GetPCLK1Freq
                0x08002858       0x28 ./Drivers/STM32F1xx_HAL_Driver/Src/stm32f1xx_hal_rcc.o
                0x08002858                HAL_RCC_GetPCLK1Freq
 .text.HAL_RCC_GetPCLK2Freq
                0x08002880       0x28 ./Drivers/STM32F1xx_HAL_Driver/Src/stm32f1xx_hal_rcc.o
                0x08002880                HAL_RCC_GetPCLK2Freq
 .text.HAL_RCC_GetClockConfig
                0x080028a8       0x60 ./Drivers/STM32F1xx_HAL_Driver/Src/stm32f1xx_hal_rcc.o
                0x080028a8                HAL_RCC_GetClockConfig
 .text.RCC_Delay
                0x08002908       0x3c ./Drivers/STM32F1xx_HAL_Driver/Src/stm32f1xx_hal_rcc.o
 .text.HAL_TIM_Base_Init
                0x08002944       0x9e ./Drivers/STM32F1xx_HAL_Driver/Src/stm32f1xx_hal_tim.o
                0x08002944                HAL_TIM_Base_Init
 *fill*         0x080029e2        0x2 
 .text.HAL_TIM_Base_Start_IT
                0x080029e4       0xc0 ./Drivers/STM32F1xx_HAL_Driver/Src/stm32f1xx_hal_tim.o
                0x080029e4                HAL_TIM_Base_Start_IT
 .text.HAL_TIM_IC_Init
                0x08002aa4       0x9e ./Drivers/STM32F1xx_HAL_Driver/Src/stm32f1xx_hal_tim.o
                0x08002aa4                HAL_TIM_IC_Init
 .text.HAL_TIM_IC_MspInit
                0x08002b42       0x12 ./Drivers/STM32F1xx_HAL_Driver/Src/stm32f1xx_hal_tim.o
                0x08002b42                HAL_TIM_IC_MspInit
 .text.HAL_TIM_IC_Start_IT
                0x08002b54      0x234 ./Drivers/STM32F1xx_HAL_Driver/Src/stm32f1xx_hal_tim.o
                0x08002b54                HAL_TIM_IC_Start_IT
 .text.HAL_TIM_IRQHandler
                0x08002d88      0x1e0 ./Drivers/STM32F1xx_HAL_Driver/Src/stm32f1xx_hal_tim.o
                0x08002d88                HAL_TIM_IRQHandler
 .text.HAL_TIM_IC_ConfigChannel
                0x08002f68      0x138 ./Drivers/STM32F1xx_HAL_Driver/Src/stm32f1xx_hal_tim.o
                0x08002f68                HAL_TIM_IC_ConfigChannel
 .text.HAL_TIM_ConfigClockSource
                0x080030a0      0x18e ./Drivers/STM32F1xx_HAL_Driver/Src/stm32f1xx_hal_tim.o
                0x080030a0                HAL_TIM_ConfigClockSource
 *fill*         0x0800322e        0x2 
 .text.HAL_TIM_ReadCapturedValue
                0x08003230       0x88 ./Drivers/STM32F1xx_HAL_Driver/Src/stm32f1xx_hal_tim.o
                0x08003230                HAL_TIM_ReadCapturedValue
 .text.HAL_TIM_OC_DelayElapsedCallback
                0x080032b8       0x12 ./Drivers/STM32F1xx_HAL_Driver/Src/stm32f1xx_hal_tim.o
                0x080032b8                HAL_TIM_OC_DelayElapsedCallback
 .text.HAL_TIM_PWM_PulseFinishedCallback
                0x080032ca       0x12 ./Drivers/STM32F1xx_HAL_Driver/Src/stm32f1xx_hal_tim.o
                0x080032ca                HAL_TIM_PWM_PulseFinishedCallback
 .text.HAL_TIM_TriggerCallback
                0x080032dc       0x12 ./Drivers/STM32F1xx_HAL_Driver/Src/stm32f1xx_hal_tim.o
                0x080032dc                HAL_TIM_TriggerCallback
 *fill*         0x080032ee        0x2 
 .text.TIM_Base_SetConfig
                0x080032f0      0x10c ./Drivers/STM32F1xx_HAL_Driver/Src/stm32f1xx_hal_tim.o
                0x080032f0                TIM_Base_SetConfig
 .text.TIM_TI1_SetConfig
                0x080033fc       0xcc ./Drivers/STM32F1xx_HAL_Driver/Src/stm32f1xx_hal_tim.o
                0x080033fc                TIM_TI1_SetConfig
 .text.TIM_TI1_ConfigInputStage
                0x080034c8       0x5c ./Drivers/STM32F1xx_HAL_Driver/Src/stm32f1xx_hal_tim.o
 .text.TIM_TI2_SetConfig
                0x08003524       0x78 ./Drivers/STM32F1xx_HAL_Driver/Src/stm32f1xx_hal_tim.o
 .text.TIM_TI2_ConfigInputStage
                0x0800359c       0x5e ./Drivers/STM32F1xx_HAL_Driver/Src/stm32f1xx_hal_tim.o
 .text.TIM_TI3_SetConfig
                0x080035fa       0x76 ./Drivers/STM32F1xx_HAL_Driver/Src/stm32f1xx_hal_tim.o
 .text.TIM_TI4_SetConfig
                0x08003670       0x78 ./Drivers/STM32F1xx_HAL_Driver/Src/stm32f1xx_hal_tim.o
 .text.TIM_ITRx_SetConfig
                0x080036e8       0x34 ./Drivers/STM32F1xx_HAL_Driver/Src/stm32f1xx_hal_tim.o
 .text.TIM_ETR_SetConfig
                0x0800371c       0x3e ./Drivers/STM32F1xx_HAL_Driver/Src/stm32f1xx_hal_tim.o
                0x0800371c                TIM_ETR_SetConfig
 .text.TIM_CCxChannelCmd
                0x0800375a       0x48 ./Drivers/STM32F1xx_HAL_Driver/Src/stm32f1xx_hal_tim.o
                0x0800375a                TIM_CCxChannelCmd
 *fill*         0x080037a2        0x2 
 .text.HAL_TIMEx_MasterConfigSynchronization
                0x080037a4       0xd8 ./Drivers/STM32F1xx_HAL_Driver/Src/stm32f1xx_hal_tim_ex.o
                0x080037a4                HAL_TIMEx_MasterConfigSynchronization
 .text.HAL_TIMEx_CommutCallback
                0x0800387c       0x12 ./Drivers/STM32F1xx_HAL_Driver/Src/stm32f1xx_hal_tim_ex.o
                0x0800387c                HAL_TIMEx_CommutCallback
 .text.HAL_TIMEx_BreakCallback
                0x0800388e       0x12 ./Drivers/STM32F1xx_HAL_Driver/Src/stm32f1xx_hal_tim_ex.o
                0x0800388e                HAL_TIMEx_BreakCallback
 .text.HAL_UART_Init
                0x080038a0       0xa0 ./Drivers/STM32F1xx_HAL_Driver/Src/stm32f1xx_hal_uart.o
                0x080038a0                HAL_UART_Init
 .text.HAL_UART_Receive_IT
                0x08003940       0x4a ./Drivers/STM32F1xx_HAL_Driver/Src/stm32f1xx_hal_uart.o
                0x08003940                HAL_UART_Receive_IT
 *fill*         0x0800398a        0x2 
 .text.HAL_UART_IRQHandler
                0x0800398c      0x524 ./Drivers/STM32F1xx_HAL_Driver/Src/stm32f1xx_hal_uart.o
                0x0800398c                HAL_UART_IRQHandler
 .text.HAL_UART_TxCpltCallback
                0x08003eb0       0x12 ./Drivers/STM32F1xx_HAL_Driver/Src/stm32f1xx_hal_uart.o
                0x08003eb0                HAL_UART_TxCpltCallback
 .text.HAL_UART_ErrorCallback
                0x08003ec2       0x12 ./Drivers/STM32F1xx_HAL_Driver/Src/stm32f1xx_hal_uart.o
                0x08003ec2                HAL_UART_ErrorCallback
 .text.HAL_UARTEx_RxEventCallback
                0x08003ed4       0x16 ./Drivers/STM32F1xx_HAL_Driver/Src/stm32f1xx_hal_uart.o
                0x08003ed4                HAL_UARTEx_RxEventCallback
 .text.UART_Start_Receive_IT
                0x08003eea       0x72 ./Drivers/STM32F1xx_HAL_Driver/Src/stm32f1xx_hal_uart.o
                0x08003eea                UART_Start_Receive_IT
 .text.UART_EndRxTransfer
                0x08003f5c       0xc4 ./Drivers/STM32F1xx_HAL_Driver/Src/stm32f1xx_hal_uart.o
 .text.UART_DMAAbortOnError
                0x08004020       0x28 ./Drivers/STM32F1xx_HAL_Driver/Src/stm32f1xx_hal_uart.o
 .text.UART_Transmit_IT
                0x08004048       0x9e ./Drivers/STM32F1xx_HAL_Driver/Src/stm32f1xx_hal_uart.o
 .text.UART_EndTransmit_IT
                0x080040e6       0x30 ./Drivers/STM32F1xx_HAL_Driver/Src/stm32f1xx_hal_uart.o
 .text.UART_Receive_IT
                0x08004116      0x17c ./Drivers/STM32F1xx_HAL_Driver/Src/stm32f1xx_hal_uart.o
 *fill*         0x08004292        0x2 
 .text.UART_SetConfig
                0x08004294      0x11c ./Drivers/STM32F1xx_HAL_Driver/Src/stm32f1xx_hal_uart.o
 .text.makeFreeRtosPriority
                0x080043b0       0x2e ./Middlewares/Third_Party/FreeRTOS/Source/CMSIS_RTOS/cmsis_os.o
 .text.osKernelStart
                0x080043de        0xe ./Middlewares/Third_Party/FreeRTOS/Source/CMSIS_RTOS/cmsis_os.o
                0x080043de                osKernelStart
 .text.osThreadCreate
                0x080043ec       0x98 ./Middlewares/Third_Party/FreeRTOS/Source/CMSIS_RTOS/cmsis_os.o
                0x080043ec                osThreadCreate
 .text.osDelay  0x08004484       0x28 ./Middlewares/Third_Party/FreeRTOS/Source/CMSIS_RTOS/cmsis_os.o
                0x08004484                osDelay
 .text.vListInitialise
                0x080044ac       0x3e ./Middlewares/Third_Party/FreeRTOS/Source/list.o
                0x080044ac                vListInitialise
 .text.vListInitialiseItem
                0x080044ea       0x18 ./Middlewares/Third_Party/FreeRTOS/Source/list.o
                0x080044ea                vListInitialiseItem
 .text.vListInsertEnd
                0x08004502       0x46 ./Middlewares/Third_Party/FreeRTOS/Source/list.o
                0x08004502                vListInsertEnd
 .text.vListInsert
                0x08004548       0x70 ./Middlewares/Third_Party/FreeRTOS/Source/list.o
                0x08004548                vListInsert
 .text.uxListRemove
                0x080045b8       0x52 ./Middlewares/Third_Party/FreeRTOS/Source/list.o
                0x080045b8                uxListRemove
 .text.xTaskCreateStatic
                0x0800460a       0xc0 ./Middlewares/Third_Party/FreeRTOS/Source/tasks.o
                0x0800460a                xTaskCreateStatic
 .text.xTaskCreate
                0x080046ca       0x8a ./Middlewares/Third_Party/FreeRTOS/Source/tasks.o
                0x080046ca                xTaskCreate
 .text.prvInitialiseNewTask
                0x08004754      0x110 ./Middlewares/Third_Party/FreeRTOS/Source/tasks.o
 .text.prvAddNewTaskToReadyList
                0x08004864       0xd4 ./Middlewares/Third_Party/FreeRTOS/Source/tasks.o
 .text.vTaskDelay
                0x08004938       0x6c ./Middlewares/Third_Party/FreeRTOS/Source/tasks.o
                0x08004938                vTaskDelay
 .text.vTaskStartScheduler
                0x080049a4       0xc4 ./Middlewares/Third_Party/FreeRTOS/Source/tasks.o
                0x080049a4                vTaskStartScheduler
 .text.vTaskSuspendAll
                0x08004a68       0x1c ./Middlewares/Third_Party/FreeRTOS/Source/tasks.o
                0x08004a68                vTaskSuspendAll
 .text.xTaskResumeAll
                0x08004a84      0x13c ./Middlewares/Third_Party/FreeRTOS/Source/tasks.o
                0x08004a84                xTaskResumeAll
 .text.xTaskIncrementTick
                0x08004bc0      0x174 ./Middlewares/Third_Party/FreeRTOS/Source/tasks.o
                0x08004bc0                xTaskIncrementTick
 .text.vTaskSwitchContext
                0x08004d34       0xb8 ./Middlewares/Third_Party/FreeRTOS/Source/tasks.o
                0x08004d34                vTaskSwitchContext
 .text.prvIdleTask
                0x08004dec       0x30 ./Middlewares/Third_Party/FreeRTOS/Source/tasks.o
 .text.prvInitialiseTaskLists
                0x08004e1c       0x80 ./Middlewares/Third_Party/FreeRTOS/Source/tasks.o
 .text.prvCheckTasksWaitingTermination
                0x08004e9c       0x5c ./Middlewares/Third_Party/FreeRTOS/Source/tasks.o
 .text.prvDeleteTCB
                0x08004ef8       0x60 ./Middlewares/Third_Party/FreeRTOS/Source/tasks.o
 .text.prvResetNextTaskUnblockTime
                0x08004f58       0x40 ./Middlewares/Third_Party/FreeRTOS/Source/tasks.o
 .text.prvAddCurrentTaskToDelayedList
                0x08004f98       0xcc ./Middlewares/Third_Party/FreeRTOS/Source/tasks.o
 .text.pxPortInitialiseStack
                0x08005064       0x58 ./Middlewares/Third_Party/FreeRTOS/Source/portable/GCC/ARM_CM3/port.o
                0x08005064                pxPortInitialiseStack
 .text.prvTaskExitError
                0x080050bc       0x58 ./Middlewares/Third_Party/FreeRTOS/Source/portable/GCC/ARM_CM3/port.o
 *fill*         0x08005114        0xc 
 .text.SVC_Handler
                0x08005120       0x28 ./Middlewares/Third_Party/FreeRTOS/Source/portable/GCC/ARM_CM3/port.o
                0x08005120                SVC_Handler
 .text.prvPortStartFirstTask
                0x08005148       0x20 ./Middlewares/Third_Party/FreeRTOS/Source/portable/GCC/ARM_CM3/port.o
 .text.xPortStartScheduler
                0x08005168       0xe4 ./Middlewares/Third_Party/FreeRTOS/Source/portable/GCC/ARM_CM3/port.o
                0x08005168                xPortStartScheduler
 .text.vPortEnterCritical
                0x0800524c       0x60 ./Middlewares/Third_Party/FreeRTOS/Source/portable/GCC/ARM_CM3/port.o
                0x0800524c                vPortEnterCritical
 .text.vPortExitCritical
                0x080052ac       0x54 ./Middlewares/Third_Party/FreeRTOS/Source/portable/GCC/ARM_CM3/port.o
                0x080052ac                vPortExitCritical
 .text.PendSV_Handler
                0x08005300       0x48 ./Middlewares/Third_Party/FreeRTOS/Source/portable/GCC/ARM_CM3/port.o
                0x08005300                PendSV_Handler
 .text.SysTick_Handler
                0x08005348       0x44 ./Middlewares/Third_Party/FreeRTOS/Source/portable/GCC/ARM_CM3/port.o
                0x08005348                SysTick_Handler
 .text.vPortSetupTimerInterrupt
                0x0800538c       0x44 ./Middlewares/Third_Party/FreeRTOS/Source/portable/GCC/ARM_CM3/port.o
                0x0800538c                vPortSetupTimerInterrupt
 .text.pvPortMalloc
                0x080053d0      0x19c ./Middlewares/Third_Party/FreeRTOS/Source/portable/MemMang/heap_4.o
                0x080053d0                pvPortMalloc
 .text.vPortFree
                0x0800556c       0xc8 ./Middlewares/Third_Party/FreeRTOS/Source/portable/MemMang/heap_4.o
                0x0800556c                vPortFree
 .text.prvHeapInit
                0x08005634       0xc4 ./Middlewares/Third_Party/FreeRTOS/Source/portable/MemMang/heap_4.o
 .text.prvInsertBlockIntoFreeList
                0x080056f8       0xb0 ./Middlewares/Third_Party/FreeRTOS/Source/portable/MemMang/heap_4.o
 .text.memset   0x080057a8       0x10 C:/APP/STM32CubeIDE_1.19.0/STM32CubeIDE/plugins/com.st.stm32cube.ide.mcu.externaltools.gnu-tools-for-stm32.13.3.rel1.win32_1.0.0.202411081344/tools/bin/../lib/gcc/arm-none-eabi/13.3.1/../../../../arm-none-eabi/lib/thumb/v7-m/nofp\libc_nano.a(libc_a-memset.o)
                0x080057a8                memset
 .text.__libc_init_array
                0x080057b8       0x48 C:/APP/STM32CubeIDE_1.19.0/STM32CubeIDE/plugins/com.st.stm32cube.ide.mcu.externaltools.gnu-tools-for-stm32.13.3.rel1.win32_1.0.0.202411081344/tools/bin/../lib/gcc/arm-none-eabi/13.3.1/../../../../arm-none-eabi/lib/thumb/v7-m/nofp\libc_nano.a(libc_a-init.o)
                0x080057b8                __libc_init_array
 *(.glue_7)
 .glue_7        0x08005800        0x0 linker stubs
 *(.glue_7t)
 .glue_7t       0x08005800        0x0 linker stubs
 *(.eh_frame)
 .eh_frame      0x08005800        0x0 C:/APP/STM32CubeIDE_1.19.0/STM32CubeIDE/plugins/com.st.stm32cube.ide.mcu.externaltools.gnu-tools-for-stm32.13.3.rel1.win32_1.0.0.202411081344/tools/bin/../lib/gcc/arm-none-eabi/13.3.1/thumb/v7-m/nofp/crtbegin.o
 *(.init)
 .init          0x08005800        0x4 C:/APP/STM32CubeIDE_1.19.0/STM32CubeIDE/plugins/com.st.stm32cube.ide.mcu.externaltools.gnu-tools-for-stm32.13.3.rel1.win32_1.0.0.202411081344/tools/bin/../lib/gcc/arm-none-eabi/13.3.1/thumb/v7-m/nofp/crti.o
                0x08005800                _init
 .init          0x08005804        0x8 C:/APP/STM32CubeIDE_1.19.0/STM32CubeIDE/plugins/com.st.stm32cube.ide.mcu.externaltools.gnu-tools-for-stm32.13.3.rel1.win32_1.0.0.202411081344/tools/bin/../lib/gcc/arm-none-eabi/13.3.1/thumb/v7-m/nofp/crtn.o
 *(.fini)
 .fini          0x0800580c        0x4 C:/APP/STM32CubeIDE_1.19.0/STM32CubeIDE/plugins/com.st.stm32cube.ide.mcu.externaltools.gnu-tools-for-stm32.13.3.rel1.win32_1.0.0.202411081344/tools/bin/../lib/gcc/arm-none-eabi/13.3.1/thumb/v7-m/nofp/crti.o
                0x0800580c                _fini
 .fini          0x08005810        0x8 C:/APP/STM32CubeIDE_1.19.0/STM32CubeIDE/plugins/com.st.stm32cube.ide.mcu.externaltools.gnu-tools-for-stm32.13.3.rel1.win32_1.0.0.202411081344/tools/bin/../lib/gcc/arm-none-eabi/13.3.1/thumb/v7-m/nofp/crtn.o
                0x08005818                        . = ALIGN (0x4)
                0x08005818                        _etext = .

.vfp11_veneer   0x08005818        0x0
 .vfp11_veneer  0x08005818        0x0 linker stubs

.v4_bx          0x08005818        0x0
 .v4_bx         0x08005818        0x0 linker stubs

.iplt           0x08005818        0x0
 .iplt          0x08005818        0x0 C:/APP/STM32CubeIDE_1.19.0/STM32CubeIDE/plugins/com.st.stm32cube.ide.mcu.externaltools.gnu-tools-for-stm32.13.3.rel1.win32_1.0.0.202411081344/tools/bin/../lib/gcc/arm-none-eabi/13.3.1/thumb/v7-m/nofp/crtbegin.o

.rodata         0x08005818       0xf0
                0x08005818                        . = ALIGN (0x4)
 *(.rodata)
 .rodata        0x08005818       0x78 ./Core/Src/main.o
 .rodata        0x08005890        0x5 ./Middlewares/Third_Party/FreeRTOS/Source/tasks.o
 *(.rodata*)
 *fill*         0x08005895        0x3 
 .rodata.t.3    0x08005898       0x30 ./Core/Src/main.o
 .rodata.AHBPrescTable
                0x080058c8       0x10 ./Core/Src/system_stm32f1xx.o
                0x080058c8                AHBPrescTable
 .rodata.APBPrescTable
                0x080058d8        0x8 ./Core/Src/system_stm32f1xx.o
                0x080058d8                APBPrescTable
 .rodata.digit_codes_common_cathode
                0x080058e0       0x11 ./Core/Src/tm1637.o
 *fill*         0x080058f1        0x3 
 .rodata.aPLLMULFactorTable.1
                0x080058f4       0x10 ./Drivers/STM32F1xx_HAL_Driver/Src/stm32f1xx_hal_rcc.o
 .rodata.aPredivFactorTable.0
                0x08005904        0x2 ./Drivers/STM32F1xx_HAL_Driver/Src/stm32f1xx_hal_rcc.o
                0x08005908                        . = ALIGN (0x4)
 *fill*         0x08005906        0x2 

.ARM.extab      0x08005908        0x0
                0x08005908                        . = ALIGN (0x4)
 *(.ARM.extab* .gnu.linkonce.armextab.*)
                0x08005908                        . = ALIGN (0x4)

.ARM            0x08005908        0x0
                0x08005908                        . = ALIGN (0x4)
                0x08005908                        __exidx_start = .
 *(.ARM.exidx*)
                0x08005908                        __exidx_end = .
                0x08005908                        . = ALIGN (0x4)

.preinit_array  0x08005908        0x0
                0x08005908                        . = ALIGN (0x4)
                0x08005908                        PROVIDE (__preinit_array_start = .)
 *(.preinit_array*)
                0x08005908                        PROVIDE (__preinit_array_end = .)
                0x08005908                        . = ALIGN (0x4)

.init_array     0x08005908        0x4
                0x08005908                        . = ALIGN (0x4)
                0x08005908                        PROVIDE (__init_array_start = .)
 *(SORT_BY_NAME(.init_array.*))
 *(.init_array*)
 .init_array    0x08005908        0x4 C:/APP/STM32CubeIDE_1.19.0/STM32CubeIDE/plugins/com.st.stm32cube.ide.mcu.externaltools.gnu-tools-for-stm32.13.3.rel1.win32_1.0.0.202411081344/tools/bin/../lib/gcc/arm-none-eabi/13.3.1/thumb/v7-m/nofp/crtbegin.o
                0x0800590c                        PROVIDE (__init_array_end = .)
                0x0800590c                        . = ALIGN (0x4)

.fini_array     0x0800590c        0x4
                0x0800590c                        . = ALIGN (0x4)
                [!provide]                        PROVIDE (__fini_array_start = .)
 *(SORT_BY_NAME(.fini_array.*))
 *(.fini_array*)
 .fini_array    0x0800590c        0x4 C:/APP/STM32CubeIDE_1.19.0/STM32CubeIDE/plugins/com.st.stm32cube.ide.mcu.externaltools.gnu-tools-for-stm32.13.3.rel1.win32_1.0.0.202411081344/tools/bin/../lib/gcc/arm-none-eabi/13.3.1/thumb/v7-m/nofp/crtbegin.o
                [!provide]                        PROVIDE (__fini_array_end = .)
                0x08005910                        . = ALIGN (0x4)
                0x08005910                        _sidata = LOADADDR (.data)

.rel.dyn        0x08005910        0x0
 .rel.iplt      0x08005910        0x0 C:/APP/STM32CubeIDE_1.19.0/STM32CubeIDE/plugins/com.st.stm32cube.ide.mcu.externaltools.gnu-tools-for-stm32.13.3.rel1.win32_1.0.0.202411081344/tools/bin/../lib/gcc/arm-none-eabi/13.3.1/thumb/v7-m/nofp/crtbegin.o

.data           0x20000000       0x10 load address 0x08005910
                0x20000000                        . = ALIGN (0x4)
                0x20000000                        _sdata = .
 *(.data)
 *(.data*)
 .data.SystemCoreClock
                0x20000000        0x4 ./Core/Src/system_stm32f1xx.o
                0x20000000                SystemCoreClock
 .data.uwTickPrio
                0x20000004        0x4 ./Drivers/STM32F1xx_HAL_Driver/Src/stm32f1xx_hal.o
                0x20000004                uwTickPrio
 .data.uwTickFreq
                0x20000008        0x1 ./Drivers/STM32F1xx_HAL_Driver/Src/stm32f1xx_hal.o
                0x20000008                uwTickFreq
 *fill*         0x20000009        0x3 
 .data.uxCriticalNesting
                0x2000000c        0x4 ./Middlewares/Third_Party/FreeRTOS/Source/portable/GCC/ARM_CM3/port.o
 *(.RamFunc)
 *(.RamFunc*)
                0x20000010                        . = ALIGN (0x4)
                0x20000010                        _edata = .

.igot.plt       0x20000010        0x0 load address 0x08005920
 .igot.plt      0x20000010        0x0 C:/APP/STM32CubeIDE_1.19.0/STM32CubeIDE/plugins/com.st.stm32cube.ide.mcu.externaltools.gnu-tools-for-stm32.13.3.rel1.win32_1.0.0.202411081344/tools/bin/../lib/gcc/arm-none-eabi/13.3.1/thumb/v7-m/nofp/crtbegin.o
                0x20000010                        . = ALIGN (0x4)

.bss            0x20000010     0x10e4 load address 0x08005920
                0x20000010                        _sbss = .
                0x20000010                        __bss_start__ = _sbss
 *(.bss)
 .bss           0x20000010       0x1c C:/APP/STM32CubeIDE_1.19.0/STM32CubeIDE/plugins/com.st.stm32cube.ide.mcu.externaltools.gnu-tools-for-stm32.13.3.rel1.win32_1.0.0.202411081344/tools/bin/../lib/gcc/arm-none-eabi/13.3.1/thumb/v7-m/nofp/crtbegin.o
 *(.bss*)
 .bss.xIdleTaskTCBBuffer
                0x2000002c       0x54 ./Core/Src/freertos.o
 .bss.xIdleStack
                0x20000080      0x200 ./Core/Src/freertos.o
 .bss.ir_bit_count
                0x20000280        0x1 ./Core/Src/hx1838.o
 *fill*         0x20000281        0x3 
 .bss.ir_data   0x20000284        0x4 ./Core/Src/hx1838.o
 .bss.htim3     0x20000288       0x48 ./Core/Src/main.o
                0x20000288                htim3
 .bss.huart3    0x200002d0       0x48 ./Core/Src/main.o
                0x200002d0                huart3
 .bss.LED_TaskHandle
                0x20000318        0x4 ./Core/Src/main.o
                0x20000318                LED_TaskHandle
 .bss.LED2_TaskHandle
                0x2000031c        0x4 ./Core/Src/main.o
                0x2000031c                LED2_TaskHandle
 .bss.ir_key    0x20000320        0x1 ./Core/Src/main.o
 .bss.uart_rx_byte
                0x20000321        0x1 ./Core/Src/main.o
 *fill*         0x20000322        0x2 
 .bss.uart_line
                0x20000324       0x20 ./Core/Src/main.o
 .bss.uart_line_len
                0x20000344        0x1 ./Core/Src/main.o
 .bss.uart_line_ready
                0x20000345        0x1 ./Core/Src/main.o
 .bss.esp_hour  0x20000346        0x1 ./Core/Src/main.o
 .bss.esp_minute
                0x20000347        0x1 ./Core/Src/main.o
 .bss.esp_has_time
                0x20000348        0x1 ./Core/Src/main.o
 *fill*         0x20000349        0x3 
 .bss.esp_last_rx_tick
                0x2000034c        0x4 ./Core/Src/main.o
 .bss.esp_calibrated_today.2
                0x20000350        0x1 ./Core/Src/main.o
 .bss.colon_tick.1
                0x20000351        0x1 ./Core/Src/main.o
 .bss.colon_state.0
                0x20000352        0x1 ./Core/Src/main.o
 *fill*         0x20000353        0x1 
 .bss.htim2     0x20000354       0x48 ./Core/Src/stm32f1xx_hal_timebase_tim.o
                0x20000354                htim2
 .bss.uwTick    0x2000039c        0x4 ./Drivers/STM32F1xx_HAL_Driver/Src/stm32f1xx_hal.o
                0x2000039c                uwTick
 .bss.pxCurrentTCB
                0x200003a0        0x4 ./Middlewares/Third_Party/FreeRTOS/Source/tasks.o
                0x200003a0                pxCurrentTCB
 .bss.pxReadyTasksLists
                0x200003a4       0x8c ./Middlewares/Third_Party/FreeRTOS/Source/tasks.o
 .bss.xDelayedTaskList1
                0x20000430       0x14 ./Middlewares/Third_Party/FreeRTOS/Source/tasks.o
 .bss.xDelayedTaskList2
                0x20000444       0x14 ./Middlewares/Third_Party/FreeRTOS/Source/tasks.o
 .bss.pxDelayedTaskList
                0x20000458        0x4 ./Middlewares/Third_Party/FreeRTOS/Source/tasks.o
 .bss.pxOverflowDelayedTaskList
                0x2000045c        0x4 ./Middlewares/Third_Party/FreeRTOS/Source/tasks.o
 .bss.xPendingReadyList
                0x20000460       0x14 ./Middlewares/Third_Party/FreeRTOS/Source/tasks.o
 .bss.xTasksWaitingTermination
                0x20000474       0x14 ./Middlewares/Third_Party/FreeRTOS/Source/tasks.o
 .bss.uxDeletedTasksWaitingCleanUp
                0x20000488        0x4 ./Middlewares/Third_Party/FreeRTOS/Source/tasks.o
 .bss.xSuspendedTaskList
                0x2000048c       0x14 ./Middlewares/Third_Party/FreeRTOS/Source/tasks.o
 .bss.uxCurrentNumberOfTasks
                0x200004a0        0x4 ./Middlewares/Third_Party/FreeRTOS/Source/tasks.o
 .bss.xTickCount
                0x200004a4        0x4 ./Middlewares/Third_Party/FreeRTOS/Source/tasks.o
 .bss.uxTopReadyPriority
                0x200004a8        0x4 ./Middlewares/Third_Party/FreeRTOS/Source/tasks.o
 .bss.xSchedulerRunning
                0x200004ac        0x4 ./Middlewares/Third_Party/FreeRTOS/Source/tasks.o
 .bss.xPendedTicks
                0x200004b0        0x4 ./Middlewares/Third_Party/FreeRTOS/Source/tasks.o
 .bss.xYieldPending
                0x200004b4        0x4 ./Middlewares/Third_Party/FreeRTOS/Source/tasks.o
 .bss.xNumOfOverflows
                0x200004b8        0x4 ./Middlewares/Third_Party/FreeRTOS/Source/tasks.o
 .bss.uxTaskNumber
                0x200004bc        0x4 ./Middlewares/Third_Party/FreeRTOS/Source/tasks.o
 .bss.xNextTaskUnblockTime
                0x200004c0        0x4 ./Middlewares/Third_Party/FreeRTOS/Source/tasks.o
 .bss.xIdleTaskHandle
                0x200004c4        0x4 ./Middlewares/Third_Party/FreeRTOS/Source/tasks.o
 .bss.uxSchedulerSuspended
                0x200004c8        0x4 ./Middlewares/Third_Party/FreeRTOS/Source/tasks.o
 .bss.ucMaxSysCallPriority
                0x200004cc        0x1 ./Middlewares/Third_Party/FreeRTOS/Source/portable/GCC/ARM_CM3/port.o
 *fill*         0x200004cd        0x3 
 .bss.ulMaxPRIGROUPValue
                0x200004d0        0x4 ./Middlewares/Third_Party/FreeRTOS/Source/portable/GCC/ARM_CM3/port.o
 .bss.ucHeap    0x200004d4      0xc00 ./Middlewares/Third_Party/FreeRTOS/Source/portable/MemMang/heap_4.o
 .bss.xStart    0x200010d4        0x8 ./Middlewares/Third_Party/FreeRTOS/Source/portable/MemMang/heap_4.o
 .bss.pxEnd     0x200010dc        0x4 ./Middlewares/Third_Party/FreeRTOS/Source/portable/MemMang/heap_4.o
 .bss.xFreeBytesRemaining
                0x200010e0        0x4 ./Middlewares/Third_Party/FreeRTOS/Source/portable/MemMang/heap_4.o
 .bss.xMinimumEverFreeBytesRemaining
                0x200010e4        0x4 ./Middlewares/Third_Party/FreeRTOS/Source/portable/MemMang/heap_4.o
 .bss.xNumberOfSuccessfulAllocations
                0x200010e8        0x4 ./Middlewares/Third_Party/FreeRTOS/Source/portable/MemMang/heap_4.o
 .bss.xNumberOfSuccessfulFrees
                0x200010ec        0x4 ./Middlewares/Third_Party/FreeRTOS/Source/portable/MemMang/heap_4.o
 .bss.xBlockAllocatedBit
                0x200010f0        0x4 ./Middlewares/Third_Party/FreeRTOS/Source/portable/MemMang/heap_4.o
 *(COMMON)
                0x200010f4                        . = ALIGN (0x4)
                0x200010f4                        _ebss = .
                0x200010f4                        __bss_end__ = _ebss

._user_heap_stack
                0x200010f4      0x604 load address 0x08005920
                0x200010f8                        . = ALIGN (0x8)
 *fill*         0x200010f4        0x4 
                [!provide]                        PROVIDE (end = .)
                0x200010f8                        PROVIDE (_end = .)
                0x200012f8                        . = (. + _Min_Heap_Size)
 *fill*         0x200010f8      0x200 
                0x200016f8                        . = (. + _Min_Stack_Size)
 *fill*         0x200012f8      0x400 
                0x200016f8                        . = ALIGN (0x8)

/DISCARD/
 libc.a(*)
 libm.a(*)
 libgcc.a(*)

.ARM.attributes
                0x00000000       0x29
 *(.ARM.attributes)
 .ARM.attributes
                0x00000000       0x1d C:/APP/STM32CubeIDE_1.19.0/STM32CubeIDE/plugins/com.st.stm32cube.ide.mcu.externaltools.gnu-tools-for-stm32.13.3.rel1.win32_1.0.0.202411081344/tools/bin/../lib/gcc/arm-none-eabi/13.3.1/thumb/v7-m/nofp/crti.o
 .ARM.attributes
                0x0000001d       0x2d C:/APP/STM32CubeIDE_1.19.0/STM32CubeIDE/plugins/com.st.stm32cube.ide.mcu.externaltools.gnu-tools-for-stm32.13.3.rel1.win32_1.0.0.202411081344/tools/bin/../lib/gcc/arm-none-eabi/13.3.1/thumb/v7-m/nofp/crtbegin.o
 .ARM.attributes
                0x0000004a       0x2d ./Core/Src/ds1302.o
 .ARM.attributes
                0x00000077       0x2d ./Core/Src/freertos.o
 .ARM.attributes
                0x000000a4       0x2d ./Core/Src/hx1838.o
 .ARM.attributes
                0x000000d1       0x2d ./Core/Src/main.o
 .ARM.attributes
                0x000000fe       0x2d ./Core/Src/stm32f1xx_hal_msp.o
 .ARM.attributes
                0x0000012b       0x2d ./Core/Src/stm32f1xx_hal_timebase_tim.o
 .ARM.attributes
                0x00000158       0x2d ./Core/Src/stm32f1xx_it.o
 .ARM.attributes
                0x00000185       0x2d ./Core/Src/system_stm32f1xx.o
 .ARM.attributes
                0x000001b2       0x2d ./Core/Src/tm1637.o
 .ARM.attributes
                0x000001df       0x21 ./Core/Startup/startup_stm32f103rctx.o
 .ARM.attributes
                0x00000200       0x2d ./Drivers/STM32F1xx_HAL_Driver/Src/stm32f1xx_hal.o
 .ARM.attributes
                0x0000022d       0x2d ./Drivers/STM32F1xx_HAL_Driver/Src/stm32f1xx_hal_cortex.o
 .ARM.attributes
                0x0000025a       0x2d ./Drivers/STM32F1xx_HAL_Driver/Src/stm32f1xx_hal_dma.o
 .ARM.attributes
                0x00000287       0x2d ./Drivers/STM32F1xx_HAL_Driver/Src/stm32f1xx_hal_gpio.o
 .ARM.attributes
                0x000002b4       0x2d ./Drivers/STM32F1xx_HAL_Driver/Src/stm32f1xx_hal_rcc.o
 .ARM.attributes
                0x000002e1       0x2d ./Drivers/STM32F1xx_HAL_Driver/Src/stm32f1xx_hal_tim.o
 .ARM.attributes
                0x0000030e       0x2d ./Drivers/STM32F1xx_HAL_Driver/Src/stm32f1xx_hal_tim_ex.o
 .ARM.attributes
                0x0000033b       0x2d ./Drivers/STM32F1xx_HAL_Driver/Src/stm32f1xx_hal_uart.o
 .ARM.attributes
                0x00000368       0x2d ./Middlewares/Third_Party/FreeRTOS/Source/CMSIS_RTOS/cmsis_os.o
 .ARM.attributes
                0x00000395       0x2d ./Middlewares/Third_Party/FreeRTOS/Source/list.o
 .ARM.attributes
                0x000003c2       0x2d ./Middlewares/Third_Party/FreeRTOS/Source/tasks.o
 .ARM.attributes
                0x000003ef       0x2d ./Middlewares/Third_Party/FreeRTOS/Source/portable/GCC/ARM_CM3/port.o
 .ARM.attributes
                0x0000041c       0x2d ./Middlewares/Third_Party/FreeRTOS/Source/portable/MemMang/heap_4.o
 .ARM.attributes
                0x00000449       0x2d C:/APP/STM32CubeIDE_1.19.0/STM32CubeIDE/plugins/com.st.stm32cube.ide.mcu.externaltools.gnu-tools-for-stm32.13.3.rel1.win32_1.0.0.202411081344/tools/bin/../lib/gcc/arm-none-eabi/13.3.1/../../../../arm-none-eabi/lib/thumb/v7-m/nofp\libc_nano.a(libc_a-memset.o)
 .ARM.attributes
                0x00000476       0x2d C:/APP/STM32CubeIDE_1.19.0/STM32CubeIDE/plugins/com.st.stm32cube.ide.mcu.externaltools.gnu-tools-for-stm32.13.3.rel1.win32_1.0.0.202411081344/tools/bin/../lib/gcc/arm-none-eabi/13.3.1/../../../../arm-none-eabi/lib/thumb/v7-m/nofp\libc_nano.a(libc_a-init.o)
 .ARM.attributes
                0x000004a3       0x1d C:/APP/STM32CubeIDE_1.19.0/STM32CubeIDE/plugins/com.st.stm32cube.ide.mcu.externaltools.gnu-tools-for-stm32.13.3.rel1.win32_1.0.0.202411081344/tools/bin/../lib/gcc/arm-none-eabi/13.3.1/thumb/v7-m/nofp/crtn.o
OUTPUT(clock_free_rtos.elf elf32-littlearm)
LOAD linker stubs
LOAD C:/APP/STM32CubeIDE_1.19.0/STM32CubeIDE/plugins/com.st.stm32cube.ide.mcu.externaltools.gnu-tools-for-stm32.13.3.rel1.win32_1.0.0.202411081344/tools/bin/../lib/gcc/arm-none-eabi/13.3.1/../../../../arm-none-eabi/lib/thumb/v7-m/nofp\libc.a
LOAD C:/APP/STM32CubeIDE_1.19.0/STM32CubeIDE/plugins/com.st.stm32cube.ide.mcu.externaltools.gnu-tools-for-stm32.13.3.rel1.win32_1.0.0.202411081344/tools/bin/../lib/gcc/arm-none-eabi/13.3.1/../../../../arm-none-eabi/lib/thumb/v7-m/nofp\libm.a
LOAD C:/APP/STM32CubeIDE_1.19.0/STM32CubeIDE/plugins/com.st.stm32cube.ide.mcu.externaltools.gnu-tools-for-stm32.13.3.rel1.win32_1.0.0.202411081344/tools/bin/../lib/gcc/arm-none-eabi/13.3.1/thumb/v7-m/nofp\libgcc.a

.debug_info     0x00000000    0x12841
 .debug_info    0x00000000      0x618 ./Core/Src/ds1302.o
 .debug_info    0x00000618      0x279 ./Core/Src/freertos.o
 .debug_info    0x00000891      0x7f1 ./Core/Src/hx1838.o
 .debug_info    0x00001082     0x1743 ./Core/Src/main.o
 .debug_info    0x000027c5      0xdbd ./Core/Src/stm32f1xx_hal_msp.o
 .debug_info    0x00003582      0xa0e ./Core/Src/stm32f1xx_hal_timebase_tim.o
 .debug_info    0x00003f90      0x92e ./Core/Src/stm32f1xx_it.o
 .debug_info    0x000048be      0x222 ./Core/Src/system_stm32f1xx.o
 .debug_info    0x00004ae0      0x588 ./Core/Src/tm1637.o
 .debug_info    0x00005068       0x30 ./Core/Startup/startup_stm32f103rctx.o
 .debug_info    0x00005098      0x76a ./Drivers/STM32F1xx_HAL_Driver/Src/stm32f1xx_hal.o
 .debug_info    0x00005802      0xaed ./Drivers/STM32F1xx_HAL_Driver/Src/stm32f1xx_hal_cortex.o
 .debug_info    0x000062ef      0x6d2 ./Drivers/STM32F1xx_HAL_Driver/Src/stm32f1xx_hal_dma.o
 .debug_info    0x000069c1      0x5ab ./Drivers/STM32F1xx_HAL_Driver/Src/stm32f1xx_hal_gpio.o
 .debug_info    0x00006f6c      0x7d5 ./Drivers/STM32F1xx_HAL_Driver/Src/stm32f1xx_hal_rcc.o
 .debug_info    0x00007741     0x2959 ./Drivers/STM32F1xx_HAL_Driver/Src/stm32f1xx_hal_tim.o
 .debug_info    0x0000a09a     0x149b ./Drivers/STM32F1xx_HAL_Driver/Src/stm32f1xx_hal_tim_ex.o
 .debug_info    0x0000b535     0x2eed ./Drivers/STM32F1xx_HAL_Driver/Src/stm32f1xx_hal_uart.o
 .debug_info    0x0000e422     0x1b60 ./Middlewares/Third_Party/FreeRTOS/Source/CMSIS_RTOS/cmsis_os.o
 .debug_info    0x0000ff82      0x2af ./Middlewares/Third_Party/FreeRTOS/Source/list.o
 .debug_info    0x00010231     0x1ca7 ./Middlewares/Third_Party/FreeRTOS/Source/tasks.o
 .debug_info    0x00011ed8      0x494 ./Middlewares/Third_Party/FreeRTOS/Source/portable/GCC/ARM_CM3/port.o
 .debug_info    0x0001236c      0x4d5 ./Middlewares/Third_Party/FreeRTOS/Source/portable/MemMang/heap_4.o

.debug_abbrev   0x00000000     0x30c9
 .debug_abbrev  0x00000000      0x232 ./Core/Src/ds1302.o
 .debug_abbrev  0x00000232       0xd2 ./Core/Src/freertos.o
 .debug_abbrev  0x00000304      0x1f1 ./Core/Src/hx1838.o
 .debug_abbrev  0x000004f5      0x362 ./Core/Src/main.o
 .debug_abbrev  0x00000857      0x1dd ./Core/Src/stm32f1xx_hal_msp.o
 .debug_abbrev  0x00000a34      0x1f3 ./Core/Src/stm32f1xx_hal_timebase_tim.o
 .debug_abbrev  0x00000c27      0x188 ./Core/Src/stm32f1xx_it.o
 .debug_abbrev  0x00000daf      0x13f ./Core/Src/system_stm32f1xx.o
 .debug_abbrev  0x00000eee      0x1db ./Core/Src/tm1637.o
 .debug_abbrev  0x000010c9       0x24 ./Core/Startup/startup_stm32f103rctx.o
 .debug_abbrev  0x000010ed      0x201 ./Drivers/STM32F1xx_HAL_Driver/Src/stm32f1xx_hal.o
 .debug_abbrev  0x000012ee      0x2f8 ./Drivers/STM32F1xx_HAL_Driver/Src/stm32f1xx_hal_cortex.o
 .debug_abbrev  0x000015e6      0x20b ./Drivers/STM32F1xx_HAL_Driver/Src/stm32f1xx_hal_dma.o
 .debug_abbrev  0x000017f1      0x1ca ./Drivers/STM32F1xx_HAL_Driver/Src/stm32f1xx_hal_gpio.o
 .debug_abbrev  0x000019bb      0x2b3 ./Drivers/STM32F1xx_HAL_Driver/Src/stm32f1xx_hal_rcc.o
 .debug_abbrev  0x00001c6e      0x277 ./Drivers/STM32F1xx_HAL_Driver/Src/stm32f1xx_hal_tim.o
 .debug_abbrev  0x00001ee5      0x282 ./Drivers/STM32F1xx_HAL_Driver/Src/stm32f1xx_hal_tim_ex.o
 .debug_abbrev  0x00002167      0x2f8 ./Drivers/STM32F1xx_HAL_Driver/Src/stm32f1xx_hal_uart.o
 .debug_abbrev  0x0000245f      0x3a7 ./Middlewares/Third_Party/FreeRTOS/Source/CMSIS_RTOS/cmsis_os.o
 .debug_abbrev  0x00002806       0xf5 ./Middlewares/Third_Party/FreeRTOS/Source/list.o
 .debug_abbrev  0x000028fb      0x359 ./Middlewares/Third_Party/FreeRTOS/Source/tasks.o
 .debug_abbrev  0x00002c54      0x258 ./Middlewares/Third_Party/FreeRTOS/Source/portable/GCC/ARM_CM3/port.o
 .debug_abbrev  0x00002eac      0x21d ./Middlewares/Third_Party/FreeRTOS/Source/portable/MemMang/heap_4.o

.debug_aranges  0x00000000     0x11f8
 .debug_aranges
                0x00000000       0x70 ./Core/Src/ds1302.o
 .debug_aranges
                0x00000070       0x20 ./Core/Src/freertos.o
 .debug_aranges
                0x00000090       0x30 ./Core/Src/hx1838.o
 .debug_aranges
                0x000000c0       0x88 ./Core/Src/main.o
 .debug_aranges
                0x00000148       0x40 ./Core/Src/stm32f1xx_hal_msp.o
 .debug_aranges
                0x00000188       0x30 ./Core/Src/stm32f1xx_hal_timebase_tim.o
 .debug_aranges
                0x000001b8       0x60 ./Core/Src/stm32f1xx_it.o
 .debug_aranges
                0x00000218       0x28 ./Core/Src/system_stm32f1xx.o
 .debug_aranges
                0x00000240       0x68 ./Core/Src/tm1637.o
 .debug_aranges
                0x000002a8       0x28 ./Core/Startup/startup_stm32f103rctx.o
 .debug_aranges
                0x000002d0       0xe0 ./Drivers/STM32F1xx_HAL_Driver/Src/stm32f1xx_hal.o
 .debug_aranges
                0x000003b0      0x100 ./Drivers/STM32F1xx_HAL_Driver/Src/stm32f1xx_hal_cortex.o
 .debug_aranges
                0x000004b0       0x80 ./Drivers/STM32F1xx_HAL_Driver/Src/stm32f1xx_hal_dma.o
 .debug_aranges
                0x00000530       0x58 ./Drivers/STM32F1xx_HAL_Driver/Src/stm32f1xx_hal_gpio.o
 .debug_aranges
                0x00000588       0x90 ./Drivers/STM32F1xx_HAL_Driver/Src/stm32f1xx_hal_rcc.o
 .debug_aranges
                0x00000618      0x3d0 ./Drivers/STM32F1xx_HAL_Driver/Src/stm32f1xx_hal_tim.o
 .debug_aranges
                0x000009e8      0x168 ./Drivers/STM32F1xx_HAL_Driver/Src/stm32f1xx_hal_tim_ex.o
 .debug_aranges
                0x00000b50      0x208 ./Drivers/STM32F1xx_HAL_Driver/Src/stm32f1xx_hal_uart.o
 .debug_aranges
                0x00000d58      0x1d8 ./Middlewares/Third_Party/FreeRTOS/Source/CMSIS_RTOS/cmsis_os.o
 .debug_aranges
                0x00000f30       0x40 ./Middlewares/Third_Party/FreeRTOS/Source/list.o
 .debug_aranges
                0x00000f70      0x1b8 ./Middlewares/Third_Party/FreeRTOS/Source/tasks.o
 .debug_aranges
                0x00001128       0x78 ./Middlewares/Third_Party/FreeRTOS/Source/portable/GCC/ARM_CM3/port.o
 .debug_aranges
                0x000011a0       0x58 ./Middlewares/Third_Party/FreeRTOS/Source/portable/MemMang/heap_4.o

.debug_rnglists
                0x00000000      0xdf2
 .debug_rnglists
                0x00000000       0x53 ./Core/Src/ds1302.o
 .debug_rnglists
                0x00000053       0x13 ./Core/Src/freertos.o
 .debug_rnglists
                0x00000066       0x20 ./Core/Src/hx1838.o
 .debug_rnglists
                0x00000086       0x69 ./Core/Src/main.o
 .debug_rnglists
                0x000000ef       0x2d ./Core/Src/stm32f1xx_hal_msp.o
 .debug_rnglists
                0x0000011c       0x20 ./Core/Src/stm32f1xx_hal_timebase_tim.o
 .debug_rnglists
                0x0000013c       0x43 ./Core/Src/stm32f1xx_it.o
 .debug_rnglists
                0x0000017f       0x1a ./Core/Src/system_stm32f1xx.o
 .debug_rnglists
                0x00000199       0x4b ./Core/Src/tm1637.o
 .debug_rnglists
                0x000001e4       0x19 ./Core/Startup/startup_stm32f103rctx.o
 .debug_rnglists
                0x000001fd       0xa3 ./Drivers/STM32F1xx_HAL_Driver/Src/stm32f1xx_hal.o
 .debug_rnglists
                0x000002a0       0xbb ./Drivers/STM32F1xx_HAL_Driver/Src/stm32f1xx_hal_cortex.o
 .debug_rnglists
                0x0000035b       0x64 ./Drivers/STM32F1xx_HAL_Driver/Src/stm32f1xx_hal_dma.o
 .debug_rnglists
                0x000003bf       0x3f ./Drivers/STM32F1xx_HAL_Driver/Src/stm32f1xx_hal_gpio.o
 .debug_rnglists
                0x000003fe       0x6c ./Drivers/STM32F1xx_HAL_Driver/Src/stm32f1xx_hal_rcc.o
 .debug_rnglists
                0x0000046a      0x31a ./Drivers/STM32F1xx_HAL_Driver/Src/stm32f1xx_hal_tim.o
 .debug_rnglists
                0x00000784      0x125 ./Drivers/STM32F1xx_HAL_Driver/Src/stm32f1xx_hal_tim_ex.o
 .debug_rnglists
                0x000008a9      0x1bc ./Drivers/STM32F1xx_HAL_Driver/Src/stm32f1xx_hal_uart.o
 .debug_rnglists
                0x00000a65      0x16a ./Middlewares/Third_Party/FreeRTOS/Source/CMSIS_RTOS/cmsis_os.o
 .debug_rnglists
                0x00000bcf       0x2b ./Middlewares/Third_Party/FreeRTOS/Source/list.o
 .debug_rnglists
                0x00000bfa      0x15f ./Middlewares/Third_Party/FreeRTOS/Source/tasks.o
 .debug_rnglists
                0x00000d59       0x57 ./Middlewares/Third_Party/FreeRTOS/Source/portable/GCC/ARM_CM3/port.o
 .debug_rnglists
                0x00000db0       0x42 ./Middlewares/Third_Party/FreeRTOS/Source/portable/MemMang/heap_4.o

.debug_macro    0x00000000    0x1ba89
 .debug_macro   0x00000000      0x1c5 ./Core/Src/ds1302.o
 .debug_macro   0x000001c5      0xacc ./Core/Src/ds1302.o
 .debug_macro   0x00000c91      0x21b ./Core/Src/ds1302.o
 .debug_macro   0x00000eac       0x2e ./Core/Src/ds1302.o
 .debug_macro   0x00000eda       0x22 ./Core/Src/ds1302.o
 .debug_macro   0x00000efc       0x22 ./Core/Src/ds1302.o
 .debug_macro   0x00000f1e       0x8e ./Core/Src/ds1302.o
 .debug_macro   0x00000fac       0x51 ./Core/Src/ds1302.o
 .debug_macro   0x00000ffd      0x103 ./Core/Src/ds1302.o
 .debug_macro   0x00001100       0x6a ./Core/Src/ds1302.o
 .debug_macro   0x0000116a      0x1df ./Core/Src/ds1302.o
 .debug_macro   0x00001349       0x1c ./Core/Src/ds1302.o
 .debug_macro   0x00001365       0x22 ./Core/Src/ds1302.o
 .debug_macro   0x00001387       0xbd ./Core/Src/ds1302.o
 .debug_macro   0x00001444      0xd23 ./Core/Src/ds1302.o
 .debug_macro   0x00002167     0xfd8c ./Core/Src/ds1302.o
 .debug_macro   0x00011ef3       0x6d ./Core/Src/ds1302.o
 .debug_macro   0x00011f60     0x34a2 ./Core/Src/ds1302.o
 .debug_macro   0x00015402      0x190 ./Core/Src/ds1302.o
 .debug_macro   0x00015592       0x5c ./Core/Src/ds1302.o
 .debug_macro   0x000155ee      0x5bc ./Core/Src/ds1302.o
 .debug_macro   0x00015baa      0x4d5 ./Core/Src/ds1302.o
 .debug_macro   0x0001607f      0x1cb ./Core/Src/ds1302.o
 .debug_macro   0x0001624a      0x114 ./Core/Src/ds1302.o
 .debug_macro   0x0001635e      0x1ea ./Core/Src/ds1302.o
 .debug_macro   0x00016548       0x27 ./Core/Src/ds1302.o
 .debug_macro   0x0001656f      0x144 ./Core/Src/ds1302.o
 .debug_macro   0x000166b3      0x1bc ./Core/Src/ds1302.o
 .debug_macro   0x0001686f       0x30 ./Core/Src/ds1302.o
 .debug_macro   0x0001689f       0x3c ./Core/Src/ds1302.o
 .debug_macro   0x000168db       0x57 ./Core/Src/ds1302.o
 .debug_macro   0x00016932       0x87 ./Core/Src/ds1302.o
 .debug_macro   0x000169b9      0x24f ./Core/Src/ds1302.o
 .debug_macro   0x00016c08      0x140 ./Core/Src/ds1302.o
 .debug_macro   0x00016d48      0x8ed ./Core/Src/ds1302.o
 .debug_macro   0x00017635      0x28e ./Core/Src/ds1302.o
 .debug_macro   0x000178c3       0xb5 ./Core/Src/ds1302.o
 .debug_macro   0x00017978       0x64 ./Core/Src/ds1302.o
 .debug_macro   0x000179dc       0xb8 ./Core/Src/ds1302.o
 .debug_macro   0x00017a94      0x21a ./Core/Src/freertos.o
 .debug_macro   0x00017cae       0xea ./Core/Src/freertos.o
 .debug_macro   0x00017d98      0x15a ./Core/Src/freertos.o
 .debug_macro   0x00017ef2       0xde ./Core/Src/freertos.o
 .debug_macro   0x00017fd0       0x1c ./Core/Src/freertos.o
 .debug_macro   0x00017fec       0x26 ./Core/Src/freertos.o
 .debug_macro   0x00018012      0x504 ./Core/Src/freertos.o
 .debug_macro   0x00018516       0xb5 ./Core/Src/freertos.o
 .debug_macro   0x000185cb       0xaa ./Core/Src/freertos.o
 .debug_macro   0x00018675      0x2c9 ./Core/Src/hx1838.o
 .debug_macro   0x0001893e       0x40 ./Core/Src/hx1838.o
 .debug_macro   0x0001897e       0x61 ./Core/Src/hx1838.o
 .debug_macro   0x000189df       0x24 ./Core/Src/hx1838.o
 .debug_macro   0x00018a03       0x43 ./Core/Src/hx1838.o
 .debug_macro   0x00018a46       0x34 ./Core/Src/hx1838.o
 .debug_macro   0x00018a7a       0x16 ./Core/Src/hx1838.o
 .debug_macro   0x00018a90       0x3c ./Core/Src/hx1838.o
 .debug_macro   0x00018acc      0x370 ./Core/Src/hx1838.o
 .debug_macro   0x00018e3c       0x10 ./Core/Src/hx1838.o
 .debug_macro   0x00018e4c       0x16 ./Core/Src/hx1838.o
 .debug_macro   0x00018e62       0x4a ./Core/Src/hx1838.o
 .debug_macro   0x00018eac       0x34 ./Core/Src/hx1838.o
 .debug_macro   0x00018ee0       0x10 ./Core/Src/hx1838.o
 .debug_macro   0x00018ef0       0x58 ./Core/Src/hx1838.o
 .debug_macro   0x00018f48       0x8e ./Core/Src/hx1838.o
 .debug_macro   0x00018fd6       0x1c ./Core/Src/hx1838.o
 .debug_macro   0x00018ff2      0x185 ./Core/Src/hx1838.o
 .debug_macro   0x00019177       0x16 ./Core/Src/hx1838.o
 .debug_macro   0x0001918d       0x16 ./Core/Src/hx1838.o
 .debug_macro   0x000191a3      0x146 ./Core/Src/hx1838.o
 .debug_macro   0x000192e9       0x16 ./Core/Src/hx1838.o
 .debug_macro   0x000192ff       0x20 ./Core/Src/hx1838.o
 .debug_macro   0x0001931f      0x28a ./Core/Src/main.o
 .debug_macro   0x000195a9       0xea ./Core/Src/main.o
 .debug_macro   0x00019693       0x91 ./Core/Src/main.o
 .debug_macro   0x00019724       0x8d ./Core/Src/main.o
 .debug_macro   0x000197b1       0x7e ./Core/Src/main.o
 .debug_macro   0x0001982f       0x19 ./Core/Src/main.o
 .debug_macro   0x00019848       0xf2 ./Core/Src/main.o
 .debug_macro   0x0001993a       0x1c ./Core/Src/main.o
 .debug_macro   0x00019956       0xbe ./Core/Src/main.o
 .debug_macro   0x00019a14       0x46 ./Core/Src/main.o
 .debug_macro   0x00019a5a      0x1b2 ./Core/Src/stm32f1xx_hal_msp.o
 .debug_macro   0x00019c0c      0x1a3 ./Core/Src/stm32f1xx_hal_timebase_tim.o
 .debug_macro   0x00019daf      0x1bc ./Core/Src/stm32f1xx_it.o
 .debug_macro   0x00019f6b      0x1a3 ./Core/Src/system_stm32f1xx.o
 .debug_macro   0x0001a10e      0x1d7 ./Core/Src/tm1637.o
 .debug_macro   0x0001a2e5      0x1c7 ./Drivers/STM32F1xx_HAL_Driver/Src/stm32f1xx_hal.o
 .debug_macro   0x0001a4ac      0x1a3 ./Drivers/STM32F1xx_HAL_Driver/Src/stm32f1xx_hal_cortex.o
 .debug_macro   0x0001a64f      0x1a3 ./Drivers/STM32F1xx_HAL_Driver/Src/stm32f1xx_hal_dma.o
 .debug_macro   0x0001a7f2      0x20e ./Drivers/STM32F1xx_HAL_Driver/Src/stm32f1xx_hal_gpio.o
 .debug_macro   0x0001aa00      0x1b5 ./Drivers/STM32F1xx_HAL_Driver/Src/stm32f1xx_hal_rcc.o
 .debug_macro   0x0001abb5      0x1a4 ./Drivers/STM32F1xx_HAL_Driver/Src/stm32f1xx_hal_tim.o
 .debug_macro   0x0001ad59      0x1a3 ./Drivers/STM32F1xx_HAL_Driver/Src/stm32f1xx_hal_tim_ex.o
 .debug_macro   0x0001aefc      0x1a4 ./Drivers/STM32F1xx_HAL_Driver/Src/stm32f1xx_hal_uart.o
 .debug_macro   0x0001b0a0      0x1fe ./Middlewares/Third_Party/FreeRTOS/Source/CMSIS_RTOS/cmsis_os.o
 .debug_macro   0x0001b29e       0x10 ./Middlewares/Third_Party/FreeRTOS/Source/CMSIS_RTOS/cmsis_os.o
 .debug_macro   0x0001b2ae       0xab ./Middlewares/Third_Party/FreeRTOS/Source/CMSIS_RTOS/cmsis_os.o
 .debug_macro   0x0001b359      0x187 ./Middlewares/Third_Party/FreeRTOS/Source/list.o
 .debug_macro   0x0001b4e0      0x279 ./Middlewares/Third_Party/FreeRTOS/Source/tasks.o
 .debug_macro   0x0001b759       0x10 ./Middlewares/Third_Party/FreeRTOS/Source/tasks.o
 .debug_macro   0x0001b769      0x172 ./Middlewares/Third_Party/FreeRTOS/Source/portable/GCC/ARM_CM3/port.o
 .debug_macro   0x0001b8db      0x1ae ./Middlewares/Third_Party/FreeRTOS/Source/portable/MemMang/heap_4.o

.debug_line     0x00000000    0x14a06
 .debug_line    0x00000000      0x9cc ./Core/Src/ds1302.o
 .debug_line    0x000009cc      0x7fe ./Core/Src/freertos.o
 .debug_line    0x000011ca      0x941 ./Core/Src/hx1838.o
 .debug_line    0x00001b0b      0xd9b ./Core/Src/main.o
 .debug_line    0x000028a6      0x7a2 ./Core/Src/stm32f1xx_hal_msp.o
 .debug_line    0x00003048      0x77f ./Core/Src/stm32f1xx_hal_timebase_tim.o
 .debug_line    0x000037c7      0x7b9 ./Core/Src/stm32f1xx_it.o
 .debug_line    0x00003f80      0x77f ./Core/Src/system_stm32f1xx.o
 .debug_line    0x000046ff      0x8db ./Core/Src/tm1637.o
 .debug_line    0x00004fda       0x79 ./Core/Startup/startup_stm32f103rctx.o
 .debug_line    0x00005053      0x9b0 ./Drivers/STM32F1xx_HAL_Driver/Src/stm32f1xx_hal.o
 .debug_line    0x00005a03      0xb7a ./Drivers/STM32F1xx_HAL_Driver/Src/stm32f1xx_hal_cortex.o
 .debug_line    0x0000657d     0x12b4 ./Drivers/STM32F1xx_HAL_Driver/Src/stm32f1xx_hal_dma.o
 .debug_line    0x00007831      0xa35 ./Drivers/STM32F1xx_HAL_Driver/Src/stm32f1xx_hal_gpio.o
 .debug_line    0x00008266      0xe69 ./Drivers/STM32F1xx_HAL_Driver/Src/stm32f1xx_hal_rcc.o
 .debug_line    0x000090cf     0x36ce ./Drivers/STM32F1xx_HAL_Driver/Src/stm32f1xx_hal_tim.o
 .debug_line    0x0000c79d     0x18da ./Drivers/STM32F1xx_HAL_Driver/Src/stm32f1xx_hal_tim_ex.o
 .debug_line    0x0000e077     0x24cc ./Drivers/STM32F1xx_HAL_Driver/Src/stm32f1xx_hal_uart.o
 .debug_line    0x00010543     0x1304 ./Middlewares/Third_Party/FreeRTOS/Source/CMSIS_RTOS/cmsis_os.o
 .debug_line    0x00011847      0x790 ./Middlewares/Third_Party/FreeRTOS/Source/list.o
 .debug_line    0x00011fd7     0x18cb ./Middlewares/Third_Party/FreeRTOS/Source/tasks.o
 .debug_line    0x000138a2      0x7be ./Middlewares/Third_Party/FreeRTOS/Source/portable/GCC/ARM_CM3/port.o
 .debug_line    0x00014060      0x9a6 ./Middlewares/Third_Party/FreeRTOS/Source/portable/MemMang/heap_4.o

.debug_str      0x00000000    0xa1a96
 .debug_str     0x00000000    0xa1a96 ./Core/Src/ds1302.o
                              0x922b1 (size before relaxing)
 .debug_str     0x000a1a96    0x95ace ./Core/Src/freertos.o
 .debug_str     0x000a1a96    0x95a57 ./Core/Src/hx1838.o
 .debug_str     0x000a1a96    0x991da ./Core/Src/main.o
 .debug_str     0x000a1a96    0x927c1 ./Core/Src/stm32f1xx_hal_msp.o
 .debug_str     0x000a1a96    0x92475 ./Core/Src/stm32f1xx_hal_timebase_tim.o
 .debug_str     0x000a1a96    0x9235f ./Core/Src/stm32f1xx_it.o
 .debug_str     0x000a1a96    0x91ac9 ./Core/Src/system_stm32f1xx.o
 .debug_str     0x000a1a96    0x91f9a ./Core/Src/tm1637.o
 .debug_str     0x000a1a96       0x6c ./Core/Startup/startup_stm32f103rctx.o
 .debug_str     0x000a1a96    0x922e0 ./Drivers/STM32F1xx_HAL_Driver/Src/stm32f1xx_hal.o
 .debug_str     0x000a1a96    0x9222c ./Drivers/STM32F1xx_HAL_Driver/Src/stm32f1xx_hal_cortex.o
 .debug_str     0x000a1a96    0x91e72 ./Drivers/STM32F1xx_HAL_Driver/Src/stm32f1xx_hal_dma.o
 .debug_str     0x000a1a96    0x91e4f ./Drivers/STM32F1xx_HAL_Driver/Src/stm32f1xx_hal_gpio.o
 .debug_str     0x000a1a96    0x91ef8 ./Drivers/STM32F1xx_HAL_Driver/Src/stm32f1xx_hal_rcc.o
 .debug_str     0x000a1a96    0x92efa ./Drivers/STM32F1xx_HAL_Driver/Src/stm32f1xx_hal_tim.o
 .debug_str     0x000a1a96    0x92706 ./Drivers/STM32F1xx_HAL_Driver/Src/stm32f1xx_hal_tim_ex.o
 .debug_str     0x000a1a96    0x92569 ./Drivers/STM32F1xx_HAL_Driver/Src/stm32f1xx_hal_uart.o
 .debug_str     0x000a1a96     0xe6bd ./Middlewares/Third_Party/FreeRTOS/Source/CMSIS_RTOS/cmsis_os.o
 .debug_str     0x000a1a96     0xabbd ./Middlewares/Third_Party/FreeRTOS/Source/list.o
 .debug_str     0x000a1a96     0xcf28 ./Middlewares/Third_Party/FreeRTOS/Source/tasks.o
 .debug_str     0x000a1a96     0x865f ./Middlewares/Third_Party/FreeRTOS/Source/portable/GCC/ARM_CM3/port.o
 .debug_str     0x000a1a96     0xb4ff ./Middlewares/Third_Party/FreeRTOS/Source/portable/MemMang/heap_4.o

.comment        0x00000000       0x43
 .comment       0x00000000       0x43 ./Core/Src/ds1302.o
                                 0x44 (size before relaxing)
 .comment       0x00000043       0x44 ./Core/Src/freertos.o
 .comment       0x00000043       0x44 ./Core/Src/hx1838.o
 .comment       0x00000043       0x44 ./Core/Src/main.o
 .comment       0x00000043       0x44 ./Core/Src/stm32f1xx_hal_msp.o
 .comment       0x00000043       0x44 ./Core/Src/stm32f1xx_hal_timebase_tim.o
 .comment       0x00000043       0x44 ./Core/Src/stm32f1xx_it.o
 .comment       0x00000043       0x44 ./Core/Src/system_stm32f1xx.o
 .comment       0x00000043       0x44 ./Core/Src/tm1637.o
 .comment       0x00000043       0x44 ./Drivers/STM32F1xx_HAL_Driver/Src/stm32f1xx_hal.o
 .comment       0x00000043       0x44 ./Drivers/STM32F1xx_HAL_Driver/Src/stm32f1xx_hal_cortex.o
 .comment       0x00000043       0x44 ./Drivers/STM32F1xx_HAL_Driver/Src/stm32f1xx_hal_dma.o
 .comment       0x00000043       0x44 ./Drivers/STM32F1xx_HAL_Driver/Src/stm32f1xx_hal_gpio.o
 .comment       0x00000043       0x44 ./Drivers/STM32F1xx_HAL_Driver/Src/stm32f1xx_hal_rcc.o
 .comment       0x00000043       0x44 ./Drivers/STM32F1xx_HAL_Driver/Src/stm32f1xx_hal_tim.o
 .comment       0x00000043       0x44 ./Drivers/STM32F1xx_HAL_Driver/Src/stm32f1xx_hal_tim_ex.o
 .comment       0x00000043       0x44 ./Drivers/STM32F1xx_HAL_Driver/Src/stm32f1xx_hal_uart.o
 .comment       0x00000043       0x44 ./Middlewares/Third_Party/FreeRTOS/Source/CMSIS_RTOS/cmsis_os.o
 .comment       0x00000043       0x44 ./Middlewares/Third_Party/FreeRTOS/Source/list.o
 .comment       0x00000043       0x44 ./Middlewares/Third_Party/FreeRTOS/Source/tasks.o
 .comment       0x00000043       0x44 ./Middlewares/Third_Party/FreeRTOS/Source/portable/GCC/ARM_CM3/port.o
 .comment       0x00000043       0x44 ./Middlewares/Third_Party/FreeRTOS/Source/portable/MemMang/heap_4.o

.debug_frame    0x00000000     0x49a4
 .debug_frame   0x00000000      0x1a0 ./Core/Src/ds1302.o
 .debug_frame   0x000001a0       0x38 ./Core/Src/freertos.o
 .debug_frame   0x000001d8       0x74 ./Core/Src/hx1838.o
 .debug_frame   0x0000024c      0x1f4 ./Core/Src/main.o
 .debug_frame   0x00000440       0xc4 ./Core/Src/stm32f1xx_hal_msp.o
 .debug_frame   0x00000504       0x74 ./Core/Src/stm32f1xx_hal_timebase_tim.o
 .debug_frame   0x00000578       0xfc ./Core/Src/stm32f1xx_it.o
 .debug_frame   0x00000674       0x58 ./Core/Src/system_stm32f1xx.o
 .debug_frame   0x000006cc      0x168 ./Core/Src/tm1637.o
 .debug_frame   0x00000834      0x334 ./Drivers/STM32F1xx_HAL_Driver/Src/stm32f1xx_hal.o
 .debug_frame   0x00000b68      0x428 ./Drivers/STM32F1xx_HAL_Driver/Src/stm32f1xx_hal_cortex.o
 .debug_frame   0x00000f90      0x20c ./Drivers/STM32F1xx_HAL_Driver/Src/stm32f1xx_hal_dma.o
 .debug_frame   0x0000119c      0x14c ./Drivers/STM32F1xx_HAL_Driver/Src/stm32f1xx_hal_gpio.o
 .debug_frame   0x000012e8      0x218 ./Drivers/STM32F1xx_HAL_Driver/Src/stm32f1xx_hal_rcc.o
 .debug_frame   0x00001500     0x11b8 ./Drivers/STM32F1xx_HAL_Driver/Src/stm32f1xx_hal_tim.o
 .debug_frame   0x000026b8      0x638 ./Drivers/STM32F1xx_HAL_Driver/Src/stm32f1xx_hal_tim_ex.o
 .debug_frame   0x00002cf0      0x944 ./Drivers/STM32F1xx_HAL_Driver/Src/stm32f1xx_hal_uart.o
 .debug_frame   0x00003634      0x80c ./Middlewares/Third_Party/FreeRTOS/Source/CMSIS_RTOS/cmsis_os.o
 .debug_frame   0x00003e40       0xd8 ./Middlewares/Third_Party/FreeRTOS/Source/list.o
 .debug_frame   0x00003f18      0x77c ./Middlewares/Third_Party/FreeRTOS/Source/tasks.o
 .debug_frame   0x00004694      0x198 ./Middlewares/Third_Party/FreeRTOS/Source/portable/GCC/ARM_CM3/port.o
 .debug_frame   0x0000482c      0x12c ./Middlewares/Third_Party/FreeRTOS/Source/portable/MemMang/heap_4.o
 .debug_frame   0x00004958       0x20 C:/APP/STM32CubeIDE_1.19.0/STM32CubeIDE/plugins/com.st.stm32cube.ide.mcu.externaltools.gnu-tools-for-stm32.13.3.rel1.win32_1.0.0.202411081344/tools/bin/../lib/gcc/arm-none-eabi/13.3.1/../../../../arm-none-eabi/lib/thumb/v7-m/nofp\libc_nano.a(libc_a-memset.o)
 .debug_frame   0x00004978       0x2c C:/APP/STM32CubeIDE_1.19.0/STM32CubeIDE/plugins/com.st.stm32cube.ide.mcu.externaltools.gnu-tools-for-stm32.13.3.rel1.win32_1.0.0.202411081344/tools/bin/../lib/gcc/arm-none-eabi/13.3.1/../../../../arm-none-eabi/lib/thumb/v7-m/nofp\libc_nano.a(libc_a-init.o)

.debug_line_str
                0x00000000       0x50
 .debug_line_str
                0x00000000       0x50 ./Core/Startup/startup_stm32f103rctx.o
