../Core/Src/ds1302.c:6:6:DS1302_DAT_Output	24	static
../Core/Src/ds1302.c:16:6:DS1302_DAT_Input	24	static
../Core/Src/ds1302.c:26:13:DS1302_DelayUs	24	static,ignoring_inline_asm
../Core/Src/ds1302.c:45:6:DS1302_WriteByte	24	static
../Core/Src/ds1302.c:84:9:DS1302_ReadByte	24	static
../Core/Src/ds1302.c:124:9:DS1302_BcdToDec	16	static
../Core/Src/ds1302.c:130:9:DS1302_DecToBcd	16	static
../Core/Src/ds1302.c:136:6:DS1302_GetTime	16	static
../Core/Src/ds1302.c:148:6:DS1302_SetTime	16	static
../Core/Src/ds1302.c:166:13:DS1302_GPIO_Init	8	static
../Core/Src/ds1302.c:174:6:DS1302_Init	16	static
