../Core/Src/main.c:89:5:main	104	static
../Core/Src/main.c:175:6:SystemClock_Config	72	static
../Core/Src/main.c:215:13:MX_TIM3_Init	48	static
../Core/Src/main.c:273:13:MX_USART3_UART_Init	8	static
../Core/Src/main.c:306:13:MX_GPIO_Init	40	static
../Core/Src/main.c:350:6:HAL_UART_RxCpltCallback	16	static
../Core/Src/main.c:381:16:ESP_CalcWeekday	24	static
../Core/Src/main.c:391:16:ESP_ParseTime	32	static
../Core/Src/main.c:414:6:HX1838_OnReceive	16	static
../Core/Src/main.c:428:6:StartClockTask	64	static
../Core/Src/main.c:535:6:StartLedTask	16	static
../Core/Src/main.c:554:6:StartLed2Task	16	static
../Core/Src/main.c:574:6:HAL_TIM_PeriodElapsedCallback	16	static
../Core/Src/main.c:592:6:Error_Handler	4	static,ignoring_inline_asm
