../Core/Src/main.c:89:5:main	1
../Core/Src/main.c:175:6:SystemClock_Config	3
../Core/Src/main.c:215:13:MX_TIM3_Init	6
../Core/Src/main.c:273:13:MX_USART3_UART_Init	2
../Core/Src/main.c:306:13:MX_GPIO_Init	1
../Core/Src/main.c:350:6:HAL_UART_RxCpltCallback	6
../Core/Src/main.c:381:16:ESP_CalcWeekday	2
../Core/Src/main.c:391:16:ESP_ParseTime	13
../Core/Src/main.c:414:6:HX1838_OnReceive	6
../Core/Src/main.c:428:6:StartClockTask	15
../Core/Src/main.c:535:6:StartLedTask	1
../Core/Src/main.c:554:6:StartLed2Task	1
../Core/Src/main.c:574:6:HAL_TIM_PeriodElapsedCallback	2
../Core/Src/main.c:592:6:Error_Handler	1
